[    7.355500] ohci-pci 0000:00:06.0: new USB bus registered, assigned bus numbe                                                                                        r 1
[    7.364098] ohci-pci 0000:00:06.0: irq 22, io mem 0xf0804000
[    7.432180] usb usb1: New USB device found, idVendor=1d6b, idProduct=0001, bc                                                                                        dDevice= 5.04
[    7.439795] usb usb1: New USB device strings: Mfr=3, Product=2, SerialNumber=                                                                                        1
[    7.446434] usb usb1: Product: OHCI PCI host controller
[    7.451328] usb usb1: Manufacturer: Linux 5.4.0-84-generic ohci_hcd
[    7.457026] usb usb1: SerialNumber: 0000:00:06.0
[    7.516817] ata2.00: ATAPI: VBOX CD-ROM, 1.0, max UDMA/133
[    7.524606] hub 1-0:1.0: USB hub found
[    7.533697] scsi 1:0:0:0: CD-ROM            VBOX     CD-ROM           1.0  PQ                                                                                        : 0 ANSI: 5
[    7.541184] hub 1-0:1.0: 12 ports detected
[    7.552282] ohci-platform: OHCI generic platform driver
[    7.557140] uhci_hcd: USB Universal Host Controller Interface driver
[    7.563498] i8042: PNP: PS/2 Controller [PNP0303:PS2K,PNP0f03:PS2M] at 0x60,0                                                                                        x64 irq 1,12
[    7.578500] serio: i8042 KBD port at 0x60,0x64 irq 1
[    7.583542] serio: i8042 AUX port at 0x60,0x64 irq 12
[    7.592994] sr 1:0:0:0: [sr0] scsi3-mmc drive: 32x/32x xa/form2 tray
[    7.599135] cdrom: Uniform CD-ROM driver Revision: 3.20
[    7.604174] mousedev: PS/2 mouse device common for all mice
[    7.614510] input: AT Translated Set 2 keyboard as /devices/platform/i8042/se                                                                                        rio0/input/input2
[    7.626787] rtc_cmos rtc_cmos: registered as rtc0
[    7.633899] rtc_cmos rtc_cmos: alarms up to one day, 114 bytes nvram
[    7.639815] i2c /dev entries driver
[    7.643108] device-mapper: uevent: version 1.0.3
[    7.647867] sr 1:0:0:0: Attached scsi CD-ROM sr0
[    7.649865] sr 1:0:0:0: Attached scsi generic sg0 type 5
[    7.657621] device-mapper: ioctl: 4.41.0-ioctl (2019-09-16) initialised: dm-d                                                                                        evel@redhat.com
[    7.665769] platform eisa.0: Probing EISA bus 0
[    7.670081] platform eisa.0: EISA: Cannot allocate resource for mainboard
[    7.676683] platform eisa.0: Cannot allocate resource for EISA slot 1
[    7.683028] platform eisa.0: Cannot allocate resource for EISA slot 2
[    7.689452] platform eisa.0: Cannot allocate resource for EISA slot 3
[    7.697464] platform eisa.0: Cannot allocate resource for EISA slot 4
[    7.703319] platform eisa.0: Cannot allocate resource for EISA slot 5
[    7.709102] platform eisa.0: Cannot allocate resource for EISA slot 6
[    7.716114] platform eisa.0: Cannot allocate resource for EISA slot 7
[    7.721865] platform eisa.0: Cannot allocate resource for EISA slot 8
[    7.727726] platform eisa.0: EISA: Detected 0 cards
[    7.733263] intel_pstate: CPU model not supported
[    7.737955] ledtrig-cpu: registered to indicate activity on CPUs
[    7.743498] drop_monitor: Initializing network drop monitor service
[    7.750440] NET: Registered protocol family 10
[    7.776234] Segment Routing with IPv6
[    7.781526] NET: Registered protocol family 17
[    7.788675] Key type dns_resolver registered
[    7.795007] RAS: Correctable Errors collector initialized.
[    7.801425] IPI shorthand broadcast: enabled
[    7.805654] sched_clock: Marking stable (7040586840, 764960810)->(8260647587,                                                                                         -455099937)
[    7.815623] registered taskstats version 1
[    7.820453] Loading compiled-in X.509 certificates
[    7.826182] Loaded X.509 cert 'Build time autogenerated kernel key: 409a8d360                                                                                        48310690eae51b3b0b2da4a29227c0f'
[    7.838559] Loaded X.509 cert 'Canonical Ltd. Live Patch Signing: 14df34d1a87                                                                                        cf37625abec039ef2bf521249b969'
[    7.850340] Loaded X.509 cert 'Canonical Ltd. Kernel Module Signing: 88f752e5                                                                                        60a1e0737e31163a466ad7b70a850c19'
[    7.863251] zswap: loaded using pool lzo/zbud
[    7.870599] Key type ._fscrypt registered
[    7.877574] Key type .fscrypt registered
[    7.900856] Key type big_key registered
[    7.912065] Key type encrypted registered
[    7.917661] AppArmor: AppArmor sha1 policy hashing enabled
[    7.923941] ima: No TPM chip found, activating TPM-bypass!
[    7.929011] ima: Allocated hash algorithm: sha1
[    7.934880] ima: No architecture policies found
[    7.940536] evm: Initialising EVM extended attributes:
[    7.945485] evm: security.selinux
[    7.950269] evm: security.SMACK64
[    7.953689] evm: security.SMACK64EXEC
[    7.957335] evm: security.SMACK64TRANSMUTE
[    7.962172] evm: security.SMACK64MMAP
[    7.968025] evm: security.apparmor
[    7.971386] evm: security.ima
[    7.974561] evm: security.capability
[    7.978236] evm: HMAC attrs: 0x1
[    7.984698] PM:   Magic number: 5:843:264
[    7.989481] rtc_cmos rtc_cmos: setting system clock to 2021-09-21T05:17:22 UT                                                                                        C (1632201442)
[    8.000363] Freeing unused decrypted memory: 2040K
[    8.009367] Freeing unused kernel image memory: 2736K
[    8.015373] Write protecting the kernel read-only data: 22528k
[    8.021230] Freeing unused kernel image memory: 2008K
[    8.026188] Freeing unused kernel image memory: 1128K
[    8.049655] usb 1-1: new full-speed USB device number 2 using ohci-pci
[    8.055786] x86/mm: Checked W+X mappings: passed, no W+X pages found.
[    8.061574] x86/mm: Checking user space page tables
[    8.089197] x86/mm: Checked W+X mappings: passed, no W+X pages found.
[    8.101659] Run /init as init process
[    8.412317] usb 1-1: New USB device found, idVendor=80ee, idProduct=0021, bcd                                                                                        Device= 1.00
[    8.420653] usb 1-1: New USB device strings: Mfr=1, Product=3, SerialNumber=0
[    8.428282] usb 1-1: Product: USB Tablet
[    8.432517] usb 1-1: Manufacturer: VirtualBox
[    8.548780] ACPI: Video Device [GFX0] (multi-head: yes  rom: no  post: no)
[    8.602474] ahci 0000:00:0d.0: version 3.0
[    8.608148] e1000: Intel(R) PRO/1000 Network Driver - version 7.3.21-k8-NAPI
[    8.615820] e1000: Copyright (c) 1999-2006 Intel Corporation.
[    8.628125] piix4_smbus 0000:00:07.0: SMBus Host Controller at 0x4100, revisi                                                                                        on 0
[    8.658437] ahci 0000:00:0d.0: SSS flag set, parallel bus scan disabled
[    8.667357] ahci 0000:00:0d.0: AHCI 0001.0100 32 slots 1 ports 3 Gbps 0x1 imp                                                                                        l SATA mode
[    8.674594] ahci 0000:00:0d.0: flags: 64bit ncq stag only ccc
[    8.691645] input: Video Bus as /devices/LNXSYSTM:00/LNXSYBUS:00/PNP0A03:00/L                                                                                        NXVIDEO:00/input/input4
[    8.931815] scsi host2: ahci
[    8.935066] ata3: SATA max UDMA/133 abar m8192@0xf0840000 port 0xf0840100 irq                                                                                         21
[    8.980670] [drm] DMA map mode: Caching DMA mappings.
[    8.986187] [drm] Capabilities:
[    8.989457] [drm]   Cursor.
[    8.992500] [drm]   Cursor bypass 2.
[    8.996392] [drm]   Alpha cursor.
[    9.000445] [drm]   3D.
[    9.004816] [drm]   Extended Fifo.
[    9.009073] [drm]   Pitchlock.
[    9.013107] [drm]   Irq mask.
[    9.016536] [drm]   GMR.
[    9.019061] [drm]   Traces.
[    9.022158] [drm]   GMR2.
[    9.025734] [drm]   Screen Object 2.
[    9.029673] [drm] Max GMR ids is 8192
[    9.033689] [drm] Max number of GMR pages is 1048576
[    9.038364] [drm] Max dedicated hypervisor surface memory is 507904 kiB
[    9.044467] [drm] Maximum display memory size is 16384 kiB
[    9.051016] [drm] VRAM at 0xe0000000 size is 16384 kiB
[    9.055813] [drm] MMIO at 0xf0000000 size is 2048 kiB
[    9.088758] random: fast init done
[    9.102560] input: ImExPS/2 Generic Explorer Mouse as /devices/platform/i8042                                                                                        /serio1/input/input5
[    9.111220] random: systemd-udevd: uninitialized urandom read (16 bytes read)
[    9.119164] random: systemd-udevd: uninitialized urandom read (16 bytes read)
[    9.125550] random: systemd-udevd: uninitialized urandom read (16 bytes read)
[    9.189893] hidraw: raw HID events driver (C) Jiri Kosina
[    9.262091] ata3: SATA link up 3.0 Gbps (SStatus 123 SControl 300)
[    9.268952] ata3.00: ATA-6: VBOX HARDDISK, 1.0, max UDMA/133
[    9.275120] ata3.00: 20971520 sectors, multi 128: LBA48 NCQ (depth 32)
[    9.285092] usbcore: registered new interface driver usbhid
[    9.290415] usbhid: USB HID core driver
[    9.299231] ata3.00: configured for UDMA/133
[    9.303774] scsi 2:0:0:0: Direct-Access     ATA      VBOX HARDDISK    1.0  PQ                                                                                        : 0 ANSI: 5
[    9.332677] sd 2:0:0:0: [sda] 20971520 512-byte logical blocks: (10.7 GB/10.0                                                                                         GiB)
[    9.339608] sd 2:0:0:0: Attached scsi generic sg1 type 0
[    9.345168] sd 2:0:0:0: [sda] Write Protect is off
[    9.350787] sd 2:0:0:0: [sda] Mode Sense: 00 3a 00 00
[    9.350936] sd 2:0:0:0: [sda] Write cache: enabled, read cache: enabled, does                                                                                        n't support DPO or FUA
[    9.359182] input: VirtualBox USB Tablet as /devices/pci0000:00/0000:00:06.0/                                                                                        usb1/1-1/1-1:1.0/0003:80EE:0021.0001/input/input6
[    9.371459] hid-generic 0003:80EE:0021.0001: input,hidraw0: USB HID v1.10 Mou                                                                                        se [VirtualBox USB Tablet] on usb-0000:00:06.0-1/input0
[    9.410313] [TTM] Zone  kernel: Available graphics memory: 502402 KiB
[    9.417671] [TTM] Initializing pool allocator
[    9.422909]  sda: sda1 sda2 sda3
[    9.451344] sd 2:0:0:0: [sda] Attached SCSI disk
[    9.463985] [TTM] Initializing DMA pool allocator
[    9.472436] [drm] Supports vblank timestamp caching Rev 2 (21.10.2013).
[    9.478509] [drm] No driver support for vblank timestamp query.
[    9.508303] [drm] Screen Objects Display Unit initialized
[    9.534357] [drm] width 720
[    9.537461] [drm] height 400
[    9.540569] [drm] bpp 32
[    9.588742] [drm] Fifo max 0x00200000 min 0x00001000 cap 0x00000355
[    9.660837] [drm] DX: no.
[    9.664491] [drm] Atomic: yes.
[    9.667407] [drm] SM4_1: no.
[    9.688622] [drm:vmw_host_log [vmwgfx]] *ERROR* Failed to send host log messa                                                                                        ge.
[    9.696843] [drm:vmw_host_log [vmwgfx]] *ERROR* Failed to send host log messa                                                                                        ge.
[    9.769348] fbcon: svgadrmfb (fb0) is primary device
[    9.876179] Console: switching to colour frame buffer device 100x37
[    9.886527] [drm] Initialized vmwgfx 2.15.0 20180704 for 0000:00:02.0 on mino                                                                                        r 0
[   10.933653] e1000 0000:00:03.0 eth0: (PCI:33MHz:32-bit) 08:00:27:b5:ea:d4
[   10.933708] e1000 0000:00:03.0 eth0: Intel(R) PRO/1000 Network Connection
[   12.002436] e1000 0000:00:08.0 eth1: (PCI:33MHz:32-bit) 08:00:27:c2:87:fb
[   12.002491] e1000 0000:00:08.0 eth1: Intel(R) PRO/1000 Network Connection
[   12.006816] e1000 0000:00:03.0 enp0s3: renamed from eth0
[   12.028928] e1000 0000:00:08.0 enp0s8: renamed from eth1
[   12.344085] raid6: sse2x4   gen()  7952 MB/s
[   12.396523] raid6: sse2x4   xor()  4250 MB/s
[   12.451747] raid6: sse2x2   gen()  5722 MB/s
[   12.503933] raid6: sse2x2   xor()  3769 MB/s
[   12.559739] raid6: sse2x1   gen()  4772 MB/s
[   12.612136] raid6: sse2x1   xor()  3440 MB/s
[   12.613057] raid6: using algorithm sse2x4 gen() 7952 MB/s
[   12.613978] raid6: .... xor() 4250 MB/s, rmw enabled
[   12.614870] raid6: using ssse3x2 recovery algorithm
[   12.639084] xor: measuring software checksum speed
[   12.739966]    prefetch64-sse: 28188.000 MB/sec
[   12.847659]    generic_sse: 25501.000 MB/sec
[   12.848446] xor: using function: prefetch64-sse (28188.000 MB/sec)
[   12.874869] async_tx: api initialized (async)
[   13.119034] Btrfs loaded, crc32c=crc32c-intel
[   13.385044] EXT4-fs (dm-0): INFO: recovery required on readonly filesystem
[   13.385876] EXT4-fs (dm-0): write access will be enabled during recovery
[   16.241688] EXT4-fs (dm-0): orphan cleanup on readonly fs
[   16.242613] EXT4-fs (dm-0): 3 orphan inodes deleted
[   16.243857] EXT4-fs (dm-0): recovery complete
[   16.268259] EXT4-fs (dm-0): mounted filesystem with ordered data mode. Opts:                                                                                         (null)
[   16.948659] systemd[1]: Inserted module 'autofs4'
[   17.006195] systemd[1]: systemd 245.4-4ubuntu3.11 running in system mode. (+P                                                                                        AM +AUDIT +SELINUX +IMA +APPARMOR +SMACK +SYSVINIT +UTMP +LIBCRYPTSETUP +GCRYPT                                                                                         +GNUTLS +ACL +XZ +LZ4 +SECCOMP +BLKID +ELFUTILS +KMOD +IDN2 -IDN +PCRE2 default-                                                                                        hierarchy=hybrid)
[   17.008789] systemd[1]: Detected virtualization oracle.
[   17.009655] systemd[1]: Detected architecture x86-64.
[   17.028417] systemd[1]: Set hostname to <app-server>.
[   17.332315] random: crng init done
[   17.333184] random: 7 urandom warning(s) missed due to ratelimiting
[   18.652447] systemd[1]: Created slice system-modprobe.slice.
[   18.656336] systemd[1]: Created slice system-postfix.slice.
[   18.662967] systemd[1]: Created slice User and Session Slice.
[   18.667085] systemd[1]: Started Forward Password Requests to Wall Directory W                                                                                        atch.
[   18.672042] systemd[1]: Set up automount Arbitrary Executable File Formats Fi                                                                                        le System Automount Point.
[   18.706356] systemd[1]: Reached target User and Group Name Lookups.
[   18.708600] systemd[1]: Reached target Slices.
[   18.710971] systemd[1]: Listening on Device-mapper event daemon FIFOs.
[   18.714600] systemd[1]: Listening on LVM2 poll daemon socket.
[   18.717035] systemd[1]: Listening on multipathd control socket.
[   18.719508] systemd[1]: Listening on Syslog Socket.
[   18.721816] systemd[1]: Listening on initctl Compatibility Named Pipe.
[   18.725600] systemd[1]: Listening on Journal Audit Socket.
[   18.728071] systemd[1]: Listening on Journal Socket (/dev/log).
[   18.731510] systemd[1]: Listening on Journal Socket.
[   18.758977] systemd[1]: Listening on Network Service Netlink Socket.
[   18.776223] systemd[1]: Listening on udev Control Socket.
[   18.784594] systemd[1]: Listening on udev Kernel Socket.
[   18.792995] systemd[1]: Mounting Huge Pages File System...
[   18.829244] systemd[1]: Mounting POSIX Message Queue File System...
[   18.850882] systemd[1]: Mounting Kernel Debug File System...
[   18.903987] systemd[1]: Mounting Kernel Trace File System...
[   18.918735] systemd[1]: Starting Journal Service...
[   18.974669] systemd[1]: Starting Set the console keyboard layout...
[   18.988887] systemd[1]: Starting Create list of static device nodes for the c                                                                                        urrent kernel...
[   19.008259] systemd[1]: Starting Monitoring of LVM2 mirrors, snapshots etc. u                                                                                        sing dmeventd or progress polling...
[   19.047074] systemd[1]: Condition check resulted in Load Kernel Module drm be                                                                                        ing skipped.
[   19.049163] systemd[1]: Condition check resulted in OpenVSwitch configuration                                                                                         for cleanup being skipped.
[   19.072826] systemd[1]: Condition check resulted in Set Up Additional Binary                                                                                         Formats being skipped.
[   19.112444] systemd[1]: Starting Load Kernel Modules...
[   19.135419] systemd[1]: Starting Remount Root and Kernel File Systems...
[   19.180906] systemd[1]: Starting udev Coldplug all Devices...
[   19.203901] systemd[1]: Starting Uncomplicated firewall...
[   19.249205] systemd[1]: Mounted Huge Pages File System.
[   19.253917] systemd[1]: Mounted POSIX Message Queue File System.
[   19.298388] systemd[1]: Mounted Kernel Debug File System.
[   19.314953] systemd[1]: Mounted Kernel Trace File System.
[   19.389181] systemd[1]: Finished Create list of static device nodes for the c                                                                                        urrent kernel.
[   19.417872] systemd[1]: Finished Uncomplicated firewall.
[   19.537572] EXT4-fs (dm-0): re-mounted. Opts: (null)
[   19.542345] systemd[1]: Finished Load Kernel Modules.
[   19.560217] systemd[1]: Mounting FUSE Control File System...
[   19.567933] systemd[1]: Mounting Kernel Configuration File System...
[   19.603730] systemd[1]: Starting Apply Kernel Variables...
[   19.625106] systemd[1]: Finished Remount Root and Kernel File Systems.
[   19.682525] systemd[1]: Mounted Kernel Configuration File System.
[   19.721378] systemd[1]: Activating swap /swap.img...
[   19.733997] systemd[1]: Condition check resulted in Rebuild Hardware Database                                                                                         being skipped.
[   19.735508] systemd[1]: Condition check resulted in Platform Persistent Stora                                                                                        ge Archival being skipped.
[   19.739829] systemd[1]: Starting Load/Save Random Seed...
[   19.788099] systemd[1]: Starting Create System Users...
[   19.861342] systemd[1]: Mounted FUSE Control File System.
[   19.941164] systemd[1]: Finished Monitoring of LVM2 mirrors, snapshots etc. u                                                                                        sing dmeventd or progress polling.
[   20.123175] systemd[1]: Finished Load/Save Random Seed.
[   20.140420] systemd[1]: Finished Apply Kernel Variables.
[   20.360145] systemd[1]: Finished Create System Users.
[   20.364811] systemd[1]: Starting Create Static Device Nodes in /dev...
[   20.554789] systemd[1]: Finished Create Static Device Nodes in /dev.
[   20.570068] systemd[1]: Starting udev Kernel Device Manager...
[   20.817659] Adding 1791996k swap on /swap.img.  Priority:-2 extents:4 across:                                                                                        2177020k FS
[   20.817826] systemd[1]: Activated swap /swap.img.
[   20.819987] systemd[1]: Reached target Swap.
[   20.888876] systemd[1]: Finished udev Coldplug all Devices.
[   20.894131] systemd[1]: Starting udev Wait for Complete Device Initialization                                                                                        ...
[   21.088801] systemd[1]: Started Journal Service.
[   21.199017] systemd-journald[329]: Received client request to flush runtime j                                                                                        ournal.
[   21.238355] systemd-journald[329]: File /var/log/journal/16b7c4afe0c549d49403                                                                                        6f86e2ce1582/system.journal corrupted or uncleanly shut down, renaming and repla                                                                                        cing.
[   23.405163] vboxguest: loading out-of-tree module taints kernel.
[   23.561365] vgdrvHeartbeatInit: Setting up heartbeat to trigger every 2000 mi                                                                                        lliseconds
[   23.562891] input: Unspecified device as /devices/pci0000:00/0000:00:04.0/inp                                                                                        ut/input7
[   23.601392] vboxguest: Successfully loaded version 6.1.22_Ubuntu r144080
[   23.601492] vboxguest: misc device minor 58, IRQ 20, I/O port d040, MMIO at 0                                                                                        0000000f0400000 (size 0x400000)
[   23.601494] vboxguest: Successfully loaded version 6.1.22_Ubuntu r144080 (int                                                                                        erface 0x00010004)
[   23.995974] RAPL PMU: API unit is 2^-32 Joules, 0 fixed counters, 10737418240                                                                                         ms ovfl timer
[   33.833450] snd_intel8x0 0000:00:05.0: white list rate for 1028:0177 is 48000
[   34.335083] alua: device handler registered
[   34.360328] emc: device handler registered
[   34.366505] rdac: device handler registered
[   34.765784] EXT4-fs (sda2): recovery complete
[   34.769231] EXT4-fs (sda2): mounted filesystem with ordered data mode. Opts:                                                                                         (null)
[   35.565529] audit: type=1400 audit(1632201470.072:2): apparmor="STATUS" opera                                                                                        tion="profile_load" profile="unconfined" name="/usr/lib/NetworkManager/nm-dhcp-c                                                                                        lient.action" pid=555 comm="apparmor_parser"
[   35.565534] audit: type=1400 audit(1632201470.072:3): apparmor="STATUS" opera                                                                                        tion="profile_load" profile="unconfined" name="/usr/lib/NetworkManager/nm-dhcp-h                                                                                        elper" pid=555 comm="apparmor_parser"
[   35.565537] audit: type=1400 audit(1632201470.072:4): apparmor="STATUS" opera                                                                                        tion="profile_load" profile="unconfined" name="/usr/lib/connman/scripts/dhclient                                                                                        -script" pid=555 comm="apparmor_parser"
[   35.565541] audit: type=1400 audit(1632201470.072:5): apparmor="STATUS" opera                                                                                        tion="profile_load" profile="unconfined" name="/{,usr/}sbin/dhclient" pid=555 co                                                                                        mm="apparmor_parser"
[   35.584239] audit: type=1400 audit(1632201470.092:6): apparmor="STATUS" opera                                                                                        tion="profile_load" profile="unconfined" name="lsb_release" pid=556 comm="apparm                                                                                        or_parser"
[   35.592046] audit: type=1400 audit(1632201470.100:7): apparmor="STATUS" opera                                                                                        tion="profile_load" profile="unconfined" name="nvidia_modprobe" pid=557 comm="ap                                                                                        parmor_parser"
[   35.592051] audit: type=1400 audit(1632201470.100:8): apparmor="STATUS" opera                                                                                        tion="profile_load" profile="unconfined" name="nvidia_modprobe//kmod" pid=557 co                                                                                        mm="apparmor_parser"
[   35.618849] audit: type=1400 audit(1632201470.124:9): apparmor="STATUS" opera                                                                                        tion="profile_load" profile="unconfined" name="/usr/bin/man" pid=559 comm="appar                                                                                        mor_parser"
[   35.618853] audit: type=1400 audit(1632201470.124:10): apparmor="STATUS" oper                                                                                        ation="profile_load" profile="unconfined" name="man_filter" pid=559 comm="apparm                                                                                        or_parser"
[   35.618856] audit: type=1400 audit(1632201470.124:11): apparmor="STATUS" oper                                                                                        ation="profile_load" profile="unconfined" name="man_groff" pid=559 comm="apparmo                                                                                        r_parser"
[   40.499098] e1000: enp0s8 NIC Link is Up 1000 Mbps Full Duplex, Flow Control:                                                                                         RX
[   40.549024] IPv6: ADDRCONF(NETDEV_CHANGE): enp0s8: link becomes ready
[   40.627406] e1000: enp0s3 NIC Link is Up 1000 Mbps Full Duplex, Flow Control:                                                                                         RX
[   41.572530] IPv6: ADDRCONF(NETDEV_CHANGE): enp0s3: link becomes ready
root@app-server:/var/log# ls
alternatives.log       dist-upgrade  kern.log       syslog.1
alternatives.log.1     dmesg         kern.log.1     syslog.2.gz
apt                    dmesg.0       kern.log.2.gz  syslog.3.gz
auth.log               dmesg.1.gz    kern.log.3.gz  syslog.4.gz
auth.log.1             dmesg.2.gz    landscape      syslog.5.gz
auth.log.2.gz          dmesg.3.gz    lastlog        syslog.6.gz
auth.log.3.gz          dmesg.4.gz    mail.log       syslog.7.gz
bootstrap.log          dpkg.log      mail.log.1     ubuntu-advantage.log
btmp                   dpkg.log.1    mail.log.2.gz  unattended-upgrades
btmp.1                 faillog       nginx          wtmp
cloud-init.log         installer     private
cloud-init-output.log  journal       syslog
root@app-server:/var/log# wtmp

Command 'wtmp' not found, did you mean:

  command 'wump' from deb bsdgames (2.17-28build1)

Try: apt install <deb name>

root@app-server:/var/log# last wtmp

wtmp begins Sat Jul 10 15:52:53 2021
root@app-server:/var/log# last wtmp

wtmp begins Sat Jul 10 15:52:53 2021
root@app-server:/var/log# last
suvam    pts/0        192.168.56.1     Tue Sep 21 05:18   still logged in
reboot   system boot  5.4.0-84-generic Tue Sep 21 05:17   still running
suvam    pts/0        192.168.56.1     Thu Sep 16 13:12 - 13:25  (00:13)
suvam    pts/0        192.168.56.1     Thu Sep 16 13:07 - 13:10  (00:03)
suvam    pts/0        192.168.56.1     Thu Sep 16 08:16 - 13:06  (04:50)
reboot   system boot  5.4.0-84-generic Thu Sep 16 08:14   still running
suvam    pts/1        192.168.56.1     Wed Sep  8 05:57 - 12:51  (06:53)
suvam    pts/0        192.168.56.1     Wed Sep  8 05:06 - 11:52  (06:45)
reboot   system boot  5.4.0-77-generic Wed Sep  8 05:05   still running
suvam    pts/0        192.168.56.1     Tue Sep  7 04:19 - 10:45  (06:25)
suvam    pts/0        192.168.56.1     Mon Sep  6 14:34 - 14:57  (00:22)
deptuser pts/0        192.168.56.1     Mon Sep  6 14:33 - 14:34  (00:00)
suvam    tty1                          Mon Sep  6 14:32 - 14:57  (00:24)
suvam    pts/0        192.168.56.1     Mon Sep  6 14:20 - 14:31  (00:11)
suvam    pts/1        192.168.56.1     Mon Sep  6 09:48 - 09:48  (00:00)
suvam    pts/0        192.168.56.1     Mon Sep  6 09:48 - 14:04  (04:15)
suvam    pts/0        192.168.56.1     Mon Sep  6 09:45 - 09:47  (00:02)
suvam    pts/0        192.168.56.1     Mon Sep  6 08:42 - 09:45  (01:02)
suvam    pts/0        192.168.56.1     Mon Sep  6 05:30 - 08:41  (03:11)
reboot   system boot  5.4.0-77-generic Mon Sep  6 05:22   still running
suvam    pts/1        192.168.56.1     Sat Jul 17 05:14 - 04:41 (1+23:27)
suvam    pts/1        192.168.56.1     Sat Jul 17 04:06 - 04:06  (00:00)
suvam    pts/0        192.168.56.1     Sat Jul 17 03:58 - 14:57  (10:58)
suvam    pts/0        192.168.56.1     Sat Jul 17 02:58 - 03:50  (00:52)
suvam    pts/0        192.168.56.1     Sat Jul 17 02:50 - 02:50  (00:00)
suvam    pts/0        192.168.56.1     Sat Jul 17 02:48 - 02:49  (00:00)
suvam    pts/0        192.168.56.1     Sat Jul 17 02:44 - 02:48  (00:03)
suvam    pts/0        192.168.56.1     Sat Jul 17 02:44 - 02:44  (00:00)
suvam    tty1                          Sat Jul 17 02:42 - crash (51+02:39)
reboot   system boot  5.4.0-77-generic Sat Jul 17 02:40   still running
suvam    pts/0        192.168.56.102   Sun Jul 11 15:20 - crash (5+11:20)
suvam    pts/0        192.168.56.102   Sun Jul 11 15:13 - 15:20  (00:06)
suvam    pts/1        192.168.56.1     Sun Jul 11 15:11 - 15:13  (00:02)
suvam    pts/0        192.168.56.102   Sun Jul 11 15:09 - 15:13  (00:03)
suvam    pts/0        192.168.56.1     Sun Jul 11 15:00 - 15:06  (00:05)
suvam    pts/0        192.168.56.1     Sun Jul 11 12:11 - 14:48  (02:37)
suvam    pts/1        192.168.56.102   Sun Jul 11 11:31 - 11:32  (00:00)
suvam    pts/0        192.168.56.1     Sun Jul 11 06:13 - 11:31  (05:18)
suvam    tty1                          Sun Jul 11 06:10 - crash (5+20:30)
reboot   system boot  5.4.0-77-generic Sun Jul 11 06:07   still running
suvam    tty1                          Sat Jul 10 15:59 - down   (00:01)
reboot   system boot  5.4.0-77-generic Sat Jul 10 15:52 - 16:00  (00:07)

wtmp begins Sat Jul 10 15:52:53 2021
root@app-server:/var/log# lastlog
Username         Port     From             Latest
root                                       **Never logged in**
daemon                                     **Never logged in**
bin                                        **Never logged in**
sys                                        **Never logged in**
sync                                       **Never logged in**
games                                      **Never logged in**
man                                        **Never logged in**
lp                                         **Never logged in**
mail                                       **Never logged in**
news                                       **Never logged in**
uucp                                       **Never logged in**
proxy                                      **Never logged in**
www-data                                   **Never logged in**
backup                                     **Never logged in**
list                                       **Never logged in**
irc                                        **Never logged in**
gnats                                      **Never logged in**
nobody                                     **Never logged in**
systemd-network                            **Never logged in**
systemd-resolve                            **Never logged in**
systemd-timesync                           **Never logged in**
messagebus                                 **Never logged in**
syslog                                     **Never logged in**
_apt                                       **Never logged in**
tss                                        **Never logged in**
uuidd                                      **Never logged in**
tcpdump                                    **Never logged in**
landscape                                  **Never logged in**
pollinate                                  **Never logged in**
usbmux                                     **Never logged in**
sshd                                       **Never logged in**
systemd-coredump                           **Never logged in**
suvam            pts/0    192.168.56.1     Tue Sep 21 05:18:24 +0000 2021
lxd                                        **Never logged in**
postfix                                    **Never logged in**
deptuser         pts/0    192.168.56.1     Mon Sep  6 14:33:48 +0000 2021
root@app-server:/var/log# ls
alternatives.log       dist-upgrade  kern.log       syslog.1
alternatives.log.1     dmesg         kern.log.1     syslog.2.gz
apt                    dmesg.0       kern.log.2.gz  syslog.3.gz
auth.log               dmesg.1.gz    kern.log.3.gz  syslog.4.gz
auth.log.1             dmesg.2.gz    landscape      syslog.5.gz
auth.log.2.gz          dmesg.3.gz    lastlog        syslog.6.gz
auth.log.3.gz          dmesg.4.gz    mail.log       syslog.7.gz
bootstrap.log          dpkg.log      mail.log.1     ubuntu-advantage.log
btmp                   dpkg.log.1    mail.log.2.gz  unattended-upgrades
btmp.1                 faillog       nginx          wtmp
cloud-init.log         installer     private
cloud-init-output.log  journal       syslog
root@app-server:/var/log# lastlog
Username         Port     From             Latest
root                                       **Never logged in**
daemon                                     **Never logged in**
bin                                        **Never logged in**
sys                                        **Never logged in**
sync                                       **Never logged in**
games                                      **Never logged in**
man                                        **Never logged in**
lp                                         **Never logged in**
mail                                       **Never logged in**
news                                       **Never logged in**
uucp                                       **Never logged in**
proxy                                      **Never logged in**
www-data                                   **Never logged in**
backup                                     **Never logged in**
list                                       **Never logged in**
irc                                        **Never logged in**
gnats                                      **Never logged in**
nobody                                     **Never logged in**
systemd-network                            **Never logged in**
systemd-resolve                            **Never logged in**
systemd-timesync                           **Never logged in**
messagebus                                 **Never logged in**
syslog                                     **Never logged in**
_apt                                       **Never logged in**
tss                                        **Never logged in**
uuidd                                      **Never logged in**
tcpdump                                    **Never logged in**
landscape                                  **Never logged in**
pollinate                                  **Never logged in**
usbmux                                     **Never logged in**
sshd                                       **Never logged in**
systemd-coredump                           **Never logged in**
suvam            pts/0    192.168.56.1     Tue Sep 21 05:18:24 +0000 2021
lxd                                        **Never logged in**
postfix                                    **Never logged in**
deptuser         pts/0    192.168.56.1     Mon Sep  6 14:33:48 +0000 2021
root@app-server:/var/log# ls
alternatives.log       dist-upgrade  kern.log       syslog.1
alternatives.log.1     dmesg         kern.log.1     syslog.2.gz
apt                    dmesg.0       kern.log.2.gz  syslog.3.gz
auth.log               dmesg.1.gz    kern.log.3.gz  syslog.4.gz
auth.log.1             dmesg.2.gz    landscape      syslog.5.gz
auth.log.2.gz          dmesg.3.gz    lastlog        syslog.6.gz
auth.log.3.gz          dmesg.4.gz    mail.log       syslog.7.gz
bootstrap.log          dpkg.log      mail.log.1     ubuntu-advantage.log
btmp                   dpkg.log.1    mail.log.2.gz  unattended-upgrades
btmp.1                 faillog       nginx          wtmp
cloud-init.log         installer     private
cloud-init-output.log  journal       syslog
root@app-server:/var/log# journal

Command 'journal' not found, did you mean:

  command 'xournal' from deb xournal (1:0.4.8.2016-5)

Try: apt install <deb name>

root@app-server:/var/log# journalctl
-- Logs begin at Sat 2021-07-10 15:52:58 UTC, end at Tue 2021-09-21 06:12:56 UT>
Jul 10 15:52:58 app-server kernel: Linux version 5.4.0-77-generic (buildd@lgw01>
Jul 10 15:52:58 app-server kernel: Command line: BOOT_IMAGE=/vmlinuz-5.4.0-77-g>
Jul 10 15:52:58 app-server kernel: KERNEL supported cpus:
Jul 10 15:52:58 app-server kernel:   Intel GenuineIntel
Jul 10 15:52:58 app-server kernel:   AMD AuthenticAMD
Jul 10 15:52:58 app-server kernel:   Hygon HygonGenuine
Jul 10 15:52:58 app-server kernel:   Centaur CentaurHauls
Jul 10 15:52:58 app-server kernel:   zhaoxin   Shanghai
Jul 10 15:52:58 app-server kernel: x86/fpu: x87 FPU will use FXSAVE
Jul 10 15:52:58 app-server kernel: BIOS-provided physical RAM map:
Jul 10 15:52:58 app-server kernel: BIOS-e820: [mem 0x0000000000000000-0x0000000>
Jul 10 15:52:58 app-server kernel: BIOS-e820: [mem 0x000000000009fc00-0x0000000>
Jul 10 15:52:58 app-server kernel: BIOS-e820: [mem 0x00000000000f0000-0x0000000>
Jul 10 15:52:58 app-server kernel: BIOS-e820: [mem 0x0000000000100000-0x0000000>
Jul 10 15:52:58 app-server kernel: BIOS-e820: [mem 0x000000003fff0000-0x0000000>
Jul 10 15:52:58 app-server kernel: BIOS-e820: [mem 0x00000000fec00000-0x0000000>
Jul 10 15:52:58 app-server kernel: BIOS-e820: [mem 0x00000000fee00000-0x0000000>
Jul 10 15:52:58 app-server kernel: BIOS-e820: [mem 0x00000000fffc0000-0x0000000>
Jul 10 15:52:58 app-server kernel: NX (Execute Disable) protection: active
Jul 10 15:52:58 app-server kernel: SMBIOS 2.5 present.
Jul 10 15:52:58 app-server kernel: DMI: innotek GmbH VirtualBox/VirtualBox, BIO>
Jul 10 15:52:58 app-server kernel: Hypervisor detected: KVM
Jul 10 15:52:58 app-server kernel: kvm-clock: Using msrs 4b564d01 and 4b564d00

[1]+  Stopped                 journalctl
root@app-server:/var/log# journalctl -f
-- Logs begin at Sat 2021-07-10 15:52:58 UTC. --
Sep 21 06:17:01 app-server CRON[5902]: (root) CMD (   cd / && run-parts --report                                                                                         /etc/cron.hourly)
Sep 21 06:17:01 app-server CRON[5893]: pam_unix(cron:session): session closed fo                                                                                        r user root
Sep 21 06:17:55 app-server systemd-networkd[610]: enp0s8: DHCP: No gateway recei                                                                                        ved from DHCP server.
Sep 21 06:19:48 app-server systemd[1]: Starting Daily apt upgrade and clean acti                                                                                        vities...
Sep 21 06:19:49 app-server systemd[1]: apt-daily-upgrade.service: Succeeded.
Sep 21 06:19:49 app-server systemd[1]: Finished Daily apt upgrade and clean acti                                                                                        vities.
Sep 21 06:22:55 app-server systemd-networkd[610]: enp0s8: DHCP: No gateway recei                                                                                        ved from DHCP server.
Sep 21 06:25:01 app-server CRON[5982]: pam_unix(cron:session): session opened fo                                                                                        r user root by (uid=0)
Sep 21 06:25:01 app-server CRON[5983]: (root) CMD (test -x /usr/sbin/anacron ||                                                                                         ( cd / && run-parts --report /etc/cron.daily ))
Sep 21 06:25:02 app-server CRON[5982]: pam_unix(cron:session): session closed fo                                                                                        r user root
Sep 21 06:25:43 app-server login[661]: pam_unix(login:auth): Couldn't open /etc/                                                                                        securetty: No such file or directory
Sep 21 06:25:47 app-server login[661]: pam_unix(login:auth): check pass; user un                                                                                        known
Sep 21 06:25:47 app-server login[661]: pam_unix(login:auth): authentication fail                                                                                        ure; logname=LOGIN uid=0 euid=0 tty=/dev/tty1 ruser= rhost=
Sep 21 06:25:50 app-server login[661]: FAILED LOGIN (1) on '/dev/tty1' FOR 'UNKN                                                                                        OWN', Authentication failure
Sep 21 06:25:54 app-server login[661]: pam_unix(login:auth): Couldn't open /etc/                                                                                        securetty: No such file or directory
Sep 21 06:25:57 app-server login[661]: pam_unix(login:auth): Couldn't open /etc/                                                                                        securetty: No such file or directory
Sep 21 06:25:57 app-server login[661]: pam_unix(login:auth): authentication fail                                                                                        ure; logname=LOGIN uid=0 euid=0 tty=/dev/tty1 ruser= rhost=  user=suvam
Sep 21 06:26:00 app-server login[661]: FAILED LOGIN (2) on '/dev/tty1' FOR 'suva                                                                                        m', Authentication failure
Sep 21 06:26:03 app-server login[661]: pam_unix(login:auth): Couldn't open /etc/                                                                                        securetty: No such file or directory
Sep 21 08:20:05 app-server login[661]: pam_unix(login:auth): check pass; user un                                                                                        known
Sep 21 08:20:07 app-server login[661]: FAILED LOGIN (3) on '/dev/tty1' FOR 'UNKN                                                                                        OWN', Authentication failure
Sep 21 08:20:10 app-server login[661]: pam_unix(login:auth): Couldn't open /etc/                                                                                        securetty: No such file or directory
Sep 21 08:20:13 app-server login[661]: pam_unix(login:auth): Couldn't open /etc/                                                                                        securetty: No such file or directory
Sep 21 08:20:17 app-server login[661]: pam_unix(login:session): session opened f                                                                                        or user suvam by LOGIN(uid=0)
Sep 21 08:20:17 app-server systemd-logind[642]: New session 5 of user suvam.
Sep 21 08:20:17 app-server systemd[1]: Started Session 5 of user suvam.
Sep 21 08:20:21 app-server sudo[6200]:    suvam : TTY=tty1 ; PWD=/home/suvam ; U                                                                                        SER=root ; COMMAND=/bin/bash
Sep 21 08:20:21 app-server sudo[6200]: pam_unix(sudo:session): session opened fo                                                                                        r user root by suvam(uid=0)
Sep 21 08:20:53 app-server suvam[6212]: test logging case
Sep 21 08:21:10 app-server suvam[6214]: test logging case
Sep 21 08:21:18 app-server suvam[6215]: test logging case 2
Sep 21 08:21:45 app-server systemd-networkd[610]: enp0s8: DHCP: No gateway recei                                                                                        ved from DHCP server.
^C
root@app-server:/var/log# ls
alternatives.log       dist-upgrade  kern.log       syslog.1
alternatives.log.1     dmesg         kern.log.1     syslog.2.gz
apt                    dmesg.0       kern.log.2.gz  syslog.3.gz
auth.log               dmesg.1.gz    kern.log.3.gz  syslog.4.gz
auth.log.1             dmesg.2.gz    landscape      syslog.5.gz
auth.log.2.gz          dmesg.3.gz    lastlog        syslog.6.gz
auth.log.3.gz          dmesg.4.gz    mail.log       syslog.7.gz
bootstrap.log          dpkg.log      mail.log.1     ubuntu-advantage.log
btmp                   dpkg.log.1    mail.log.2.gz  unattended-upgrades
btmp.1                 faillog       nginx          wtmp
cloud-init.log         installer     private
cloud-init-output.log  journal       syslog
root@app-server:/var/log# syslog

Command 'syslog' not found, did you mean:

  command 'syslogd' from deb busybox-syslogd (1:1.30.1-4ubuntu6.3)
  command 'syslogd' from deb inetutils-syslogd (2:1.9.4-11ubuntu0.1)

Try: apt install <deb name>

root@app-server:/var/log# syslogd

Command 'syslogd' not found, but can be installed with:

apt install busybox-syslogd    # version 1:1.30.1-4ubuntu6.3, or
apt install inetutils-syslogd  # version 2:1.9.4-11ubuntu0.1

root@app-server:/var/log# cat syslog
Sep 21 05:18:04 app-server rsyslogd: [origin software="rsyslogd" swVersion="8.20                                                                                        01.0" x-pid="638" x-info="https://www.rsyslog.com"] rsyslogd was HUPed
Sep 21 05:18:04 app-server systemd[1]: Started A high performance web server and                                                                                         a reverse proxy server.
Sep 21 05:18:04 app-server systemd[1]: Started Dispatcher daemon for systemd-net                                                                                        workd.
Sep 21 05:18:04 app-server systemd[1]: logrotate.service: Succeeded.
Sep 21 05:18:04 app-server systemd[1]: Finished Rotate log files.
Sep 21 05:18:06 app-server systemd[1]: man-db.service: Succeeded.
Sep 21 05:18:06 app-server systemd[1]: Finished Daily man-db regeneration.
Sep 21 05:18:07 app-server systemd[1]: dmesg.service: Succeeded.
Sep 21 05:18:07 app-server snapd[640]: AppArmor status: apparmor is enabled and                                                                                         all features are available
Sep 21 05:18:10 app-server systemd[1]: tmp-snap.rootfs_yu8xgu.mount: Succeeded.
Sep 21 05:18:13 app-server snapd[640]: AppArmor status: apparmor is enabled and                                                                                         all features are available
Sep 21 05:18:13 app-server snapd[640]: daemon.go:248: started snapd/2.51.4 (seri                                                                                        es 16; classic) ubuntu/20.04 (amd64) linux/5.4.0-84-generic.
Sep 21 05:18:14 app-server lxd.activate[639]: => Starting LXD activation
Sep 21 05:18:14 app-server lxd.activate[639]: ==> Loading snap configuration
Sep 21 05:18:14 app-server lxd.activate[639]: ==> Checking for socket activation                                                                                         support
Sep 21 05:18:14 app-server systemd[1]: tmp-sanity\x2dmountpoint\x2d987088960.mou                                                                                        nt: Succeeded.
Sep 21 05:18:14 app-server snapd[640]: daemon.go:341: adjusting startup timeout                                                                                         by 1m0s (pessimistic estimate of 30s plus 5s per snap)
Sep 21 05:18:14 app-server systemd[1]: Started Snap Daemon.
Sep 21 05:18:14 app-server systemd[1]: Starting Wait until snapd is fully seeded                                                                                        ...
Sep 21 05:18:15 app-server systemd[1]: Finished Wait until snapd is fully seeded                                                                                        .
Sep 21 05:18:15 app-server systemd[1]: Starting Apply the settings specified in                                                                                         cloud-config...
Sep 21 05:18:15 app-server systemd[1]: Condition check resulted in Auto import a                                                                                        ssertions from block devices being skipped.
Sep 21 05:18:15 app-server lxd.activate[639]: ==> Setting LXD socket ownership
Sep 21 05:18:15 app-server lxd.activate[639]: ==> LXD never started on this syst                                                                                        em, no need to start it now
Sep 21 05:18:15 app-server systemd[1]: snap.lxd.activate.service: Succeeded.
Sep 21 05:18:15 app-server systemd[1]: Finished Service for snap application lxd                                                                                        .activate.
Sep 21 05:18:17 app-server snapd[640]: storehelpers.go:551: cannot refresh: snap                                                                                         has no updates available: "core", "core18", "core20", "lxd", "snapd", "tree"
Sep 21 05:18:17 app-server snapd[640]: autorefresh.go:513: auto-refresh: all sna                                                                                        ps are up-to-date
Sep 21 05:18:18 app-server cloud-init[1200]: Cloud-init v. 20.4.1-0ubuntu1~20.04                                                                                        .1 running 'modules:config' at Tue, 21 Sep 2021 05:18:18 +0000. Up 63.05 seconds                                                                                        .
Sep 21 05:18:18 app-server systemd[1]: Finished Apply the settings specified in                                                                                         cloud-config.
Sep 21 05:18:21 app-server systemd[1]: Starting Online ext4 Metadata Check for A                                                                                        ll Filesystems...
Sep 21 05:18:21 app-server systemd[1]: e2scrub_all.service: Succeeded.
Sep 21 05:18:21 app-server systemd[1]: Finished Online ext4 Metadata Check for A                                                                                        ll Filesystems.
Sep 21 05:18:21 app-server systemd[1]: Created slice User Slice of UID 1000.
Sep 21 05:18:21 app-server systemd[1]: Starting User Runtime Directory /run/user                                                                                        /1000...
Sep 21 05:18:21 app-server systemd[1]: Finished User Runtime Directory /run/user                                                                                        /1000.
Sep 21 05:18:21 app-server systemd[1]: Starting User Manager for UID 1000...
Sep 21 05:18:22 app-server systemd[1466]: Reached target Paths.
Sep 21 05:18:22 app-server systemd[1466]: Reached target Timers.
Sep 21 05:18:22 app-server systemd[1466]: Starting D-Bus User Message Bus Socket                                                                                        .
Sep 21 05:18:22 app-server systemd[1466]: Listening on GnuPG network certificate                                                                                         management daemon.
Sep 21 05:18:22 app-server systemd[1466]: Listening on GnuPG cryptographic agent                                                                                         and passphrase cache (access for web browsers).
Sep 21 05:18:22 app-server systemd[1466]: Listening on GnuPG cryptographic agent                                                                                         and passphrase cache (restricted).
Sep 21 05:18:22 app-server systemd[1466]: Listening on GnuPG cryptographic agent                                                                                         (ssh-agent emulation).
Sep 21 05:18:22 app-server systemd[1466]: Listening on GnuPG cryptographic agent                                                                                         and passphrase cache.
Sep 21 05:18:22 app-server systemd[1466]: Listening on debconf communication soc                                                                                        ket.
Sep 21 05:18:22 app-server systemd[1466]: Listening on REST API socket for snapd                                                                                         user session agent.
Sep 21 05:18:22 app-server systemd[1466]: Listening on D-Bus User Message Bus So                                                                                        cket.
Sep 21 05:18:22 app-server systemd[1466]: Reached target Sockets.
Sep 21 05:18:22 app-server systemd[1466]: Reached target Basic System.
Sep 21 05:18:22 app-server systemd[1]: Started User Manager for UID 1000.
Sep 21 05:18:22 app-server systemd[1]: Started Session 1 of user suvam.
Sep 21 05:18:22 app-server systemd[1466]: Reached target Main User Target.
Sep 21 05:18:22 app-server systemd[1466]: Startup finished in 375ms.
Sep 21 05:18:22 app-server postfix/postfix-script[1541]: warning: symlink leaves                                                                                         directory: /etc/postfix/./makedefs.out
Sep 21 05:18:23 app-server postfix/postfix-script[1737]: starting the Postfix ma                                                                                        il system
Sep 21 05:18:24 app-server postfix/master[1743]: daemon started -- version 3.4.1                                                                                        3, configuration /etc/postfix
Sep 21 05:18:24 app-server systemd[1]: Started Postfix Mail Transport Agent (ins                                                                                        tance -).
Sep 21 05:18:24 app-server systemd[1]: Starting Postfix Mail Transport Agent...
Sep 21 05:18:24 app-server systemd[1]: Finished Postfix Mail Transport Agent.
Sep 21 05:18:24 app-server systemd[1]: Reached target Multi-User System.
Sep 21 05:18:24 app-server systemd[1]: Reached target Graphical Interface.
Sep 21 05:18:24 app-server systemd[1]: Starting Execute cloud user/final scripts                                                                                        ...
Sep 21 05:18:24 app-server systemd[1]: Starting Update UTMP about System Runleve                                                                                        l Changes...
Sep 21 05:18:24 app-server systemd[1]: systemd-update-utmp-runlevel.service: Suc                                                                                        ceeded.
Sep 21 05:18:24 app-server systemd[1]: Finished Update UTMP about System Runleve                                                                                        l Changes.
Sep 21 05:18:27 app-server cloud-init[1797]: Cloud-init v. 20.4.1-0ubuntu1~20.04                                                                                        .1 running 'modules:final' at Tue, 21 Sep 2021 05:18:27 +0000. Up 72.05 seconds.
Sep 21 05:18:27 app-server cloud-init[1797]: Cloud-init v. 20.4.1-0ubuntu1~20.04                                                                                        .1 finished at Tue, 21 Sep 2021 05:18:27 +0000. Datasource DataSourceNone.  Up 7                                                                                        2.67 seconds
Sep 21 05:18:27 app-server cloud-init[1797]: 2021-09-21 05:18:27,965 - cc_final_                                                                                        message.py[WARNING]: Used fallback datasource
Sep 21 05:18:28 app-server systemd-timesyncd[551]: Initial synchronization to ti                                                                                        me server 91.189.89.198:123 (ntp.ubuntu.com).
Sep 21 05:18:28 app-server systemd[1]: Finished Execute cloud user/final scripts                                                                                        .
Sep 21 05:18:28 app-server systemd[1]: Reached target Cloud-init target.
Sep 21 05:18:28 app-server systemd[1]: Startup finished in 16.077s (kernel) + 56                                                                                        .999s (userspace) = 1min 13.077s.
Sep 21 05:22:56 app-server systemd-networkd[610]: enp0s8: DHCP: No gateway recei                                                                                        ved from DHCP server.
Sep 21 05:24:48 app-server systemd[1]: Starting Daily apt upgrade and clean acti                                                                                        vities...
Sep 21 05:25:57 app-server dbus-daemon[629]: [system] Activating via systemd: se                                                                                        rvice name='org.freedesktop.PackageKit' unit='packagekit.service' requested by '                                                                                        :1.14' (uid=0 pid=1933 comm="/usr/bin/gdbus call --system --dest org.freedeskto"                                                                                         label="unconfined")
Sep 21 05:25:57 app-server systemd[1]: Starting PackageKit Daemon...
Sep 21 05:25:57 app-server PackageKit: daemon start
Sep 21 05:25:58 app-server dbus-daemon[629]: [system] Successfully activated ser                                                                                        vice 'org.freedesktop.PackageKit'
Sep 21 05:25:58 app-server systemd[1]: Started PackageKit Daemon.
Sep 21 05:27:55 app-server systemd-networkd[610]: enp0s8: DHCP: No gateway recei                                                                                        ved from DHCP server.
Sep 21 05:32:15 app-server systemd[1]: Starting Cleanup of Temporary Directories                                                                                        ...
Sep 21 05:32:16 app-server systemd[1]: systemd-tmpfiles-clean.service: Succeeded                                                                                        .
Sep 21 05:32:16 app-server systemd[1]: Finished Cleanup of Temporary Directories                                                                                        .
Sep 21 05:32:55 app-server systemd-networkd[610]: enp0s8: DHCP: No gateway recei                                                                                        ved from DHCP server.
Sep 21 05:34:01 app-server systemd[1]: Reloading.
Sep 21 05:34:08 app-server systemd[1]: Stopping LSB: automatic crash report gene                                                                                        ration...
Sep 21 05:34:09 app-server apport[4551]:  * Stopping automatic crash report gene                                                                                        ration: apport
Sep 21 05:34:09 app-server apport[4551]:    ...done.
Sep 21 05:34:09 app-server systemd[1]: apport.service: Succeeded.
Sep 21 05:34:09 app-server systemd[1]: Stopped LSB: automatic crash report gener                                                                                        ation.
Sep 21 05:34:12 app-server systemd[1]: Reloading.
Sep 21 05:34:23 app-server systemd[1]: Reloading.
Sep 21 05:34:26 app-server systemd[1]: Condition check resulted in Process error                                                                                         reports when automatic reporting is enabled (file watch) being skipped.
Sep 21 05:34:26 app-server systemd[1]: Condition check resulted in Unix socket f                                                                                        or apport crash forwarding being skipped.
Sep 21 05:34:26 app-server systemd[1]: Reloading.
Sep 21 05:34:29 app-server systemd[1]: Reloading.
Sep 21 05:34:33 app-server systemd[1]: Starting LSB: automatic crash report gene                                                                                        ration...
Sep 21 05:34:34 app-server apport[4780]:  * Starting automatic crash report gene                                                                                        ration: apport
Sep 21 05:34:34 app-server apport[4780]:    ...done.
Sep 21 05:34:34 app-server systemd[1]: Started LSB: automatic crash report gener                                                                                        ation.
Sep 21 05:34:40 app-server systemd[1]: Reloading.
Sep 21 05:37:52 app-server systemd[1]: apt-daily-upgrade.service: Succeeded.
Sep 21 05:37:52 app-server systemd[1]: Finished Daily apt upgrade and clean acti                                                                                        vities.
Sep 21 05:37:55 app-server systemd-networkd[610]: enp0s8: DHCP: No gateway recei                                                                                        ved from DHCP server.
Sep 21 05:39:48 app-server systemd[1]: Starting Refresh fwupd metadata and updat                                                                                        e motd...
Sep 21 05:39:48 app-server dbus-daemon[629]: [system] Activating via systemd: se                                                                                        rvice name='org.freedesktop.fwupd' unit='fwupd.service' requested by ':1.48' (ui                                                                                        d=62803 pid=5758 comm="/usr/bin/fwupdmgr refresh --no-metadata-check " label="un                                                                                        confined")
Sep 21 05:39:48 app-server systemd[1]: Starting Firmware update daemon...
Sep 21 05:39:49 app-server dbus-daemon[629]: [system] Activating via systemd: se                                                                                        rvice name='org.freedesktop.UPower' unit='upower.service' requested by ':1.49' (                                                                                        uid=0 pid=5771 comm="/usr/libexec/fwupd/fwupd " label="unconfined")
Sep 21 05:39:49 app-server systemd[1]: Starting Daemon for power management...
Sep 21 05:39:50 app-server dbus-daemon[629]: [system] Successfully activated ser                                                                                        vice 'org.freedesktop.UPower'
Sep 21 05:39:50 app-server systemd[1]: Started Daemon for power management.
Sep 21 05:39:51 app-server dbus-daemon[629]: [system] Successfully activated ser                                                                                        vice 'org.freedesktop.fwupd'
Sep 21 05:39:51 app-server systemd[1]: Started Firmware update daemon.
Sep 21 05:39:51 app-server fwupdmgr[5758]: Fetching metadata https://cdn.fwupd.o                                                                                        rg/downloads/firmware.xml.gz
Sep 21 05:39:51 app-server fwupdmgr[5758]: Fetching signature https://cdn.fwupd.                                                                                        org/downloads/firmware.xml.gz.asc
Sep 21 05:39:54 app-server fwupdmgr[5758]: Successfully downloaded new metadata:                                                                                         0 local devices supported
Sep 21 05:39:54 app-server systemd[1]: fwupd-refresh.service: Succeeded.
Sep 21 05:39:54 app-server systemd[1]: Finished Refresh fwupd metadata and updat                                                                                        e motd.
Sep 21 05:42:54 app-server PackageKit: daemon quit
Sep 21 05:42:54 app-server systemd[1]: packagekit.service: Succeeded.
Sep 21 05:42:55 app-server systemd-networkd[610]: enp0s8: DHCP: No gateway recei                                                                                        ved from DHCP server.
Sep 21 06:02:56 app-server systemd-networkd[610]: message repeated 4 times: [ en                                                                                        p0s8: DHCP: No gateway received from DHCP server.]
Sep 21 06:07:56 app-server systemd-networkd[610]: enp0s8: DHCP: No gateway recei                                                                                        ved from DHCP server.
Sep 21 06:12:56 app-server systemd-networkd[610]: enp0s8: DHCP: No gateway recei                                                                                        ved from DHCP server.
Sep 21 06:17:01 app-server CRON[5902]: (root) CMD (   cd / && run-parts --report                                                                                         /etc/cron.hourly)
Sep 21 06:17:55 app-server systemd-networkd[610]: enp0s8: DHCP: No gateway recei                                                                                        ved from DHCP server.
Sep 21 06:19:48 app-server systemd[1]: Starting Daily apt upgrade and clean acti                                                                                        vities...
Sep 21 06:19:49 app-server systemd[1]: apt-daily-upgrade.service: Succeeded.
Sep 21 06:19:49 app-server systemd[1]: Finished Daily apt upgrade and clean acti                                                                                        vities.
Sep 21 06:22:55 app-server systemd-networkd[610]: enp0s8: DHCP: No gateway recei                                                                                        ved from DHCP server.
Sep 21 06:25:01 app-server CRON[5983]: (root) CMD (test -x /usr/sbin/anacron ||                                                                                         ( cd / && run-parts --report /etc/cron.daily ))
Sep 21 08:20:17 app-server systemd[1]: Started Session 5 of user suvam.
Sep 21 08:20:53 app-server suvam: test logging case
Sep 21 08:21:10 app-server suvam: test logging case
Sep 21 08:21:18 app-server suvam: test logging case 2
Sep 21 08:21:45 app-server systemd-networkd[610]: enp0s8: DHCP: No gateway recei                                                                                        ved from DHCP server.
root@app-server:/var/log# ls
alternatives.log       dist-upgrade  kern.log       syslog.1
alternatives.log.1     dmesg         kern.log.1     syslog.2.gz
apt                    dmesg.0       kern.log.2.gz  syslog.3.gz
auth.log               dmesg.1.gz    kern.log.3.gz  syslog.4.gz
auth.log.1             dmesg.2.gz    landscape      syslog.5.gz
auth.log.2.gz          dmesg.3.gz    lastlog        syslog.6.gz
auth.log.3.gz          dmesg.4.gz    mail.log       syslog.7.gz
bootstrap.log          dpkg.log      mail.log.1     ubuntu-advantage.log
btmp                   dpkg.log.1    mail.log.2.gz  unattended-upgrades
btmp.1                 faillog       nginx          wtmp
cloud-init.log         installer     private
cloud-init-output.log  journal       syslog
root@app-server:/var/log# lastlog
Username         Port     From             Latest
root                                       **Never logged in**
daemon                                     **Never logged in**
bin                                        **Never logged in**
sys                                        **Never logged in**
sync                                       **Never logged in**
games                                      **Never logged in**
man                                        **Never logged in**
lp                                         **Never logged in**
mail                                       **Never logged in**
news                                       **Never logged in**
uucp                                       **Never logged in**
proxy                                      **Never logged in**
www-data                                   **Never logged in**
backup                                     **Never logged in**
list                                       **Never logged in**
irc                                        **Never logged in**
gnats                                      **Never logged in**
nobody                                     **Never logged in**
systemd-network                            **Never logged in**
systemd-resolve                            **Never logged in**
systemd-timesync                           **Never logged in**
messagebus                                 **Never logged in**
syslog                                     **Never logged in**
_apt                                       **Never logged in**
tss                                        **Never logged in**
uuidd                                      **Never logged in**
tcpdump                                    **Never logged in**
landscape                                  **Never logged in**
pollinate                                  **Never logged in**
usbmux                                     **Never logged in**
sshd                                       **Never logged in**
systemd-coredump                           **Never logged in**
suvam            tty1                      Tue Sep 21 08:20:17 +0000 2021
lxd                                        **Never logged in**
postfix                                    **Never logged in**
deptuser         pts/0    192.168.56.1     Mon Sep  6 14:33:48 +0000 2021
root@app-server:/var/log# ls
alternatives.log       dist-upgrade  kern.log       syslog.1
alternatives.log.1     dmesg         kern.log.1     syslog.2.gz
apt                    dmesg.0       kern.log.2.gz  syslog.3.gz
auth.log               dmesg.1.gz    kern.log.3.gz  syslog.4.gz
auth.log.1             dmesg.2.gz    landscape      syslog.5.gz
auth.log.2.gz          dmesg.3.gz    lastlog        syslog.6.gz
auth.log.3.gz          dmesg.4.gz    mail.log       syslog.7.gz
bootstrap.log          dpkg.log      mail.log.1     ubuntu-advantage.log
btmp                   dpkg.log.1    mail.log.2.gz  unattended-upgrades
btmp.1                 faillog       nginx          wtmp
cloud-init.log         installer     private
cloud-init-output.log  journal       syslog
root@app-server:/var/log# last wtmp

wtmp begins Sat Jul 10 15:52:53 2021
root@app-server:/var/log#  wtmp

Command 'wtmp' not found, did you mean:

  command 'wump' from deb bsdgames (2.17-28build1)

Try: apt install <deb name>

root@app-server:/var/log# ls
alternatives.log       dist-upgrade  kern.log       syslog.1
alternatives.log.1     dmesg         kern.log.1     syslog.2.gz
apt                    dmesg.0       kern.log.2.gz  syslog.3.gz
auth.log               dmesg.1.gz    kern.log.3.gz  syslog.4.gz
auth.log.1             dmesg.2.gz    landscape      syslog.5.gz
auth.log.2.gz          dmesg.3.gz    lastlog        syslog.6.gz
auth.log.3.gz          dmesg.4.gz    mail.log       syslog.7.gz
bootstrap.log          dpkg.log      mail.log.1     ubuntu-advantage.log
btmp                   dpkg.log.1    mail.log.2.gz  unattended-upgrades
btmp.1                 faillog       nginx          wtmp
cloud-init.log         installer     private
cloud-init-output.log  journal       syslog
root@app-server:/var/log# last
suvam    tty1                          Tue Sep 21 08:20   still logged in
suvam    pts/0        192.168.56.1     Tue Sep 21 05:18    gone - no logout
reboot   system boot  5.4.0-84-generic Tue Sep 21 05:17   still running
suvam    pts/0        192.168.56.1     Thu Sep 16 13:12 - 13:25  (00:13)
suvam    pts/0        192.168.56.1     Thu Sep 16 13:07 - 13:10  (00:03)
suvam    pts/0        192.168.56.1     Thu Sep 16 08:16 - 13:06  (04:50)
reboot   system boot  5.4.0-84-generic Thu Sep 16 08:14   still running
suvam    pts/1        192.168.56.1     Wed Sep  8 05:57 - 12:51  (06:53)
suvam    pts/0        192.168.56.1     Wed Sep  8 05:06 - 11:52  (06:45)
reboot   system boot  5.4.0-77-generic Wed Sep  8 05:05   still running
suvam    pts/0        192.168.56.1     Tue Sep  7 04:19 - 10:45  (06:25)
suvam    pts/0        192.168.56.1     Mon Sep  6 14:34 - 14:57  (00:22)
deptuser pts/0        192.168.56.1     Mon Sep  6 14:33 - 14:34  (00:00)
suvam    tty1                          Mon Sep  6 14:32 - 14:57  (00:24)
suvam    pts/0        192.168.56.1     Mon Sep  6 14:20 - 14:31  (00:11)
suvam    pts/1        192.168.56.1     Mon Sep  6 09:48 - 09:48  (00:00)
suvam    pts/0        192.168.56.1     Mon Sep  6 09:48 - 14:04  (04:15)
suvam    pts/0        192.168.56.1     Mon Sep  6 09:45 - 09:47  (00:02)
suvam    pts/0        192.168.56.1     Mon Sep  6 08:42 - 09:45  (01:02)
suvam    pts/0        192.168.56.1     Mon Sep  6 05:30 - 08:41  (03:11)
reboot   system boot  5.4.0-77-generic Mon Sep  6 05:22   still running
suvam    pts/1        192.168.56.1     Sat Jul 17 05:14 - 04:41 (1+23:27)
suvam    pts/1        192.168.56.1     Sat Jul 17 04:06 - 04:06  (00:00)
suvam    pts/0        192.168.56.1     Sat Jul 17 03:58 - 14:57  (10:58)
suvam    pts/0        192.168.56.1     Sat Jul 17 02:58 - 03:50  (00:52)
suvam    pts/0        192.168.56.1     Sat Jul 17 02:50 - 02:50  (00:00)
suvam    pts/0        192.168.56.1     Sat Jul 17 02:48 - 02:49  (00:00)
suvam    pts/0        192.168.56.1     Sat Jul 17 02:44 - 02:48  (00:03)
suvam    pts/0        192.168.56.1     Sat Jul 17 02:44 - 02:44  (00:00)
suvam    tty1                          Sat Jul 17 02:42 - crash (51+02:39)
reboot   system boot  5.4.0-77-generic Sat Jul 17 02:40   still running
suvam    pts/0        192.168.56.102   Sun Jul 11 15:20 - crash (5+11:20)
suvam    pts/0        192.168.56.102   Sun Jul 11 15:13 - 15:20  (00:06)
suvam    pts/1        192.168.56.1     Sun Jul 11 15:11 - 15:13  (00:02)
suvam    pts/0        192.168.56.102   Sun Jul 11 15:09 - 15:13  (00:03)
suvam    pts/0        192.168.56.1     Sun Jul 11 15:00 - 15:06  (00:05)
suvam    pts/0        192.168.56.1     Sun Jul 11 12:11 - 14:48  (02:37)
suvam    pts/1        192.168.56.102   Sun Jul 11 11:31 - 11:32  (00:00)
suvam    pts/0        192.168.56.1     Sun Jul 11 06:13 - 11:31  (05:18)
suvam    tty1                          Sun Jul 11 06:10 - crash (5+20:30)
reboot   system boot  5.4.0-77-generic Sun Jul 11 06:07   still running
suvam    tty1                          Sat Jul 10 15:59 - down   (00:01)
reboot   system boot  5.4.0-77-generic Sat Jul 10 15:52 - 16:00  (00:07)

wtmp begins Sat Jul 10 15:52:53 2021
root@app-server:/var/log# lastlog
Username         Port     From             Latest
root                                       **Never logged in**
daemon                                     **Never logged in**
bin                                        **Never logged in**
sys                                        **Never logged in**
sync                                       **Never logged in**
games                                      **Never logged in**
man                                        **Never logged in**
lp                                         **Never logged in**
mail                                       **Never logged in**
news                                       **Never logged in**
uucp                                       **Never logged in**
proxy                                      **Never logged in**
www-data                                   **Never logged in**
backup                                     **Never logged in**
list                                       **Never logged in**
irc                                        **Never logged in**
gnats                                      **Never logged in**
nobody                                     **Never logged in**
systemd-network                            **Never logged in**
systemd-resolve                            **Never logged in**
systemd-timesync                           **Never logged in**
messagebus                                 **Never logged in**
syslog                                     **Never logged in**
_apt                                       **Never logged in**
tss                                        **Never logged in**
uuidd                                      **Never logged in**
tcpdump                                    **Never logged in**
landscape                                  **Never logged in**
pollinate                                  **Never logged in**
usbmux                                     **Never logged in**
sshd                                       **Never logged in**
systemd-coredump                           **Never logged in**
suvam            tty1                      Tue Sep 21 08:20:17 +0000 2021
lxd                                        **Never logged in**
postfix                                    **Never logged in**
deptuser         pts/0    192.168.56.1     Mon Sep  6 14:33:48 +0000 2021
root@app-server:/var/log# ls
alternatives.log       dist-upgrade  kern.log       syslog.1
alternatives.log.1     dmesg         kern.log.1     syslog.2.gz
apt                    dmesg.0       kern.log.2.gz  syslog.3.gz
auth.log               dmesg.1.gz    kern.log.3.gz  syslog.4.gz
auth.log.1             dmesg.2.gz    landscape      syslog.5.gz
auth.log.2.gz          dmesg.3.gz    lastlog        syslog.6.gz
auth.log.3.gz          dmesg.4.gz    mail.log       syslog.7.gz
bootstrap.log          dpkg.log      mail.log.1     ubuntu-advantage.log
btmp                   dpkg.log.1    mail.log.2.gz  unattended-upgrades
btmp.1                 faillog       nginx          wtmp
cloud-init.log         installer     private
cloud-init-output.log  journal       syslog
root@app-server:/var/log# journalctl
-- Logs begin at Sat 2021-07-10 15:52:58 UTC, end at Tue 2021-09-21 08:21:45 UT>
Jul 10 15:52:58 app-server kernel: Linux version 5.4.0-77-generic (buildd@lgw01>
Jul 10 15:52:58 app-server kernel: Command line: BOOT_IMAGE=/vmlinuz-5.4.0-77-g>
Jul 10 15:52:58 app-server kernel: KERNEL supported cpus:
Jul 10 15:52:58 app-server kernel:   Intel GenuineIntel
Jul 10 15:52:58 app-server kernel:   AMD AuthenticAMD
Jul 10 15:52:58 app-server kernel:   Hygon HygonGenuine
Jul 10 15:52:58 app-server kernel:   Centaur CentaurHauls
Jul 10 15:52:58 app-server kernel:   zhaoxin   Shanghai
Jul 10 15:52:58 app-server kernel: x86/fpu: x87 FPU will use FXSAVE
Jul 10 15:52:58 app-server kernel: BIOS-provided physical RAM map:
Jul 10 15:52:58 app-server kernel: BIOS-e820: [mem 0x0000000000000000-0x0000000>
Jul 10 15:52:58 app-server kernel: BIOS-e820: [mem 0x000000000009fc00-0x0000000>
Jul 10 15:52:58 app-server kernel: BIOS-e820: [mem 0x00000000000f0000-0x0000000>
Jul 10 15:52:58 app-server kernel: BIOS-e820: [mem 0x0000000000100000-0x0000000>
Jul 10 15:52:58 app-server kernel: BIOS-e820: [mem 0x000000003fff0000-0x0000000>
Jul 10 15:52:58 app-server kernel: BIOS-e820: [mem 0x00000000fec00000-0x0000000>
Jul 10 15:52:58 app-server kernel: BIOS-e820: [mem 0x00000000fee00000-0x0000000>
Jul 10 15:52:58 app-server kernel: BIOS-e820: [mem 0x00000000fffc0000-0x0000000>
Jul 10 15:52:58 app-server kernel: NX (Execute Disable) protection: active
Jul 10 15:52:58 app-server kernel: SMBIOS 2.5 present.
Jul 10 15:52:58 app-server kernel: DMI: innotek GmbH VirtualBox/VirtualBox, BIO>
Jul 10 15:52:58 app-server kernel: Hypervisor detected: KVM
Jul 10 15:52:58 app-server kernel: kvm-clock: Using msrs 4b564d01 and 4b564d00

[2]+  Stopped                 journalctl
root@app-server:/var/log# ls
alternatives.log       dist-upgrade  kern.log       syslog.1
alternatives.log.1     dmesg         kern.log.1     syslog.2.gz
apt                    dmesg.0       kern.log.2.gz  syslog.3.gz
auth.log               dmesg.1.gz    kern.log.3.gz  syslog.4.gz
auth.log.1             dmesg.2.gz    landscape      syslog.5.gz
auth.log.2.gz          dmesg.3.gz    lastlog        syslog.6.gz
auth.log.3.gz          dmesg.4.gz    mail.log       syslog.7.gz
bootstrap.log          dpkg.log      mail.log.1     ubuntu-advantage.log
btmp                   dpkg.log.1    mail.log.2.gz  unattended-upgrades
btmp.1                 faillog       nginx          wtmp
cloud-init.log         installer     private
cloud-init-output.log  journal       syslog
root@app-server:/var/log# syslog.2.gz
syslog.2.gz: command not found
root@app-server:/var/log# syslog

Command 'syslog' not found, did you mean:

  command 'syslogd' from deb busybox-syslogd (1:1.30.1-4ubuntu6.3)
  command 'syslogd' from deb inetutils-syslogd (2:1.9.4-11ubuntu0.1)

Try: apt install <deb name>

root@app-server:/var/log# cat syslog
Sep 21 05:18:04 app-server rsyslogd: [origin software="rsyslogd" swVersion="8.20                                                                                        01.0" x-pid="638" x-info="https://www.rsyslog.com"] rsyslogd was HUPed
Sep 21 05:18:04 app-server systemd[1]: Started A high performance web server and                                                                                         a reverse proxy server.
Sep 21 05:18:04 app-server systemd[1]: Started Dispatcher daemon for systemd-net                                                                                        workd.
Sep 21 05:18:04 app-server systemd[1]: logrotate.service: Succeeded.
Sep 21 05:18:04 app-server systemd[1]: Finished Rotate log files.
Sep 21 05:18:06 app-server systemd[1]: man-db.service: Succeeded.
Sep 21 05:18:06 app-server systemd[1]: Finished Daily man-db regeneration.
Sep 21 05:18:07 app-server systemd[1]: dmesg.service: Succeeded.
Sep 21 05:18:07 app-server snapd[640]: AppArmor status: apparmor is enabled and                                                                                         all features are available
Sep 21 05:18:10 app-server systemd[1]: tmp-snap.rootfs_yu8xgu.mount: Succeeded.
Sep 21 05:18:13 app-server snapd[640]: AppArmor status: apparmor is enabled and                                                                                         all features are available
Sep 21 05:18:13 app-server snapd[640]: daemon.go:248: started snapd/2.51.4 (seri                                                                                        es 16; classic) ubuntu/20.04 (amd64) linux/5.4.0-84-generic.
Sep 21 05:18:14 app-server lxd.activate[639]: => Starting LXD activation
Sep 21 05:18:14 app-server lxd.activate[639]: ==> Loading snap configuration
Sep 21 05:18:14 app-server lxd.activate[639]: ==> Checking for socket activation                                                                                         support
Sep 21 05:18:14 app-server systemd[1]: tmp-sanity\x2dmountpoint\x2d987088960.mou                                                                                        nt: Succeeded.
Sep 21 05:18:14 app-server snapd[640]: daemon.go:341: adjusting startup timeout                                                                                         by 1m0s (pessimistic estimate of 30s plus 5s per snap)
Sep 21 05:18:14 app-server systemd[1]: Started Snap Daemon.
Sep 21 05:18:14 app-server systemd[1]: Starting Wait until snapd is fully seeded                                                                                        ...
Sep 21 05:18:15 app-server systemd[1]: Finished Wait until snapd is fully seeded                                                                                        .
Sep 21 05:18:15 app-server systemd[1]: Starting Apply the settings specified in                                                                                         cloud-config...
Sep 21 05:18:15 app-server systemd[1]: Condition check resulted in Auto import a                                                                                        ssertions from block devices being skipped.
Sep 21 05:18:15 app-server lxd.activate[639]: ==> Setting LXD socket ownership
Sep 21 05:18:15 app-server lxd.activate[639]: ==> LXD never started on this syst                                                                                        em, no need to start it now
Sep 21 05:18:15 app-server systemd[1]: snap.lxd.activate.service: Succeeded.
Sep 21 05:18:15 app-server systemd[1]: Finished Service for snap application lxd                                                                                        .activate.
Sep 21 05:18:17 app-server snapd[640]: storehelpers.go:551: cannot refresh: snap                                                                                         has no updates available: "core", "core18", "core20", "lxd", "snapd", "tree"
Sep 21 05:18:17 app-server snapd[640]: autorefresh.go:513: auto-refresh: all sna                                                                                        ps are up-to-date
Sep 21 05:18:18 app-server cloud-init[1200]: Cloud-init v. 20.4.1-0ubuntu1~20.04                                                                                        .1 running 'modules:config' at Tue, 21 Sep 2021 05:18:18 +0000. Up 63.05 seconds                                                                                        .
Sep 21 05:18:18 app-server systemd[1]: Finished Apply the settings specified in                                                                                         cloud-config.
Sep 21 05:18:21 app-server systemd[1]: Starting Online ext4 Metadata Check for A                                                                                        ll Filesystems...
Sep 21 05:18:21 app-server systemd[1]: e2scrub_all.service: Succeeded.
Sep 21 05:18:21 app-server systemd[1]: Finished Online ext4 Metadata Check for A                                                                                        ll Filesystems.
Sep 21 05:18:21 app-server systemd[1]: Created slice User Slice of UID 1000.
Sep 21 05:18:21 app-server systemd[1]: Starting User Runtime Directory /run/user                                                                                        /1000...
Sep 21 05:18:21 app-server systemd[1]: Finished User Runtime Directory /run/user                                                                                        /1000.
Sep 21 05:18:21 app-server systemd[1]: Starting User Manager for UID 1000...
Sep 21 05:18:22 app-server systemd[1466]: Reached target Paths.
Sep 21 05:18:22 app-server systemd[1466]: Reached target Timers.
Sep 21 05:18:22 app-server systemd[1466]: Starting D-Bus User Message Bus Socket                                                                                        .
Sep 21 05:18:22 app-server systemd[1466]: Listening on GnuPG network certificate                                                                                         management daemon.
Sep 21 05:18:22 app-server systemd[1466]: Listening on GnuPG cryptographic agent                                                                                         and passphrase cache (access for web browsers).
Sep 21 05:18:22 app-server systemd[1466]: Listening on GnuPG cryptographic agent                                                                                         and passphrase cache (restricted).
Sep 21 05:18:22 app-server systemd[1466]: Listening on GnuPG cryptographic agent                                                                                         (ssh-agent emulation).
Sep 21 05:18:22 app-server systemd[1466]: Listening on GnuPG cryptographic agent                                                                                         and passphrase cache.
Sep 21 05:18:22 app-server systemd[1466]: Listening on debconf communication soc                                                                                        ket.
Sep 21 05:18:22 app-server systemd[1466]: Listening on REST API socket for snapd                                                                                         user session agent.
Sep 21 05:18:22 app-server systemd[1466]: Listening on D-Bus User Message Bus So                                                                                        cket.
Sep 21 05:18:22 app-server systemd[1466]: Reached target Sockets.
Sep 21 05:18:22 app-server systemd[1466]: Reached target Basic System.
Sep 21 05:18:22 app-server systemd[1]: Started User Manager for UID 1000.
Sep 21 05:18:22 app-server systemd[1]: Started Session 1 of user suvam.
Sep 21 05:18:22 app-server systemd[1466]: Reached target Main User Target.
Sep 21 05:18:22 app-server systemd[1466]: Startup finished in 375ms.
Sep 21 05:18:22 app-server postfix/postfix-script[1541]: warning: symlink leaves                                                                                         directory: /etc/postfix/./makedefs.out
Sep 21 05:18:23 app-server postfix/postfix-script[1737]: starting the Postfix ma                                                                                        il system
Sep 21 05:18:24 app-server postfix/master[1743]: daemon started -- version 3.4.1                                                                                        3, configuration /etc/postfix
Sep 21 05:18:24 app-server systemd[1]: Started Postfix Mail Transport Agent (ins                                                                                        tance -).
Sep 21 05:18:24 app-server systemd[1]: Starting Postfix Mail Transport Agent...
Sep 21 05:18:24 app-server systemd[1]: Finished Postfix Mail Transport Agent.
Sep 21 05:18:24 app-server systemd[1]: Reached target Multi-User System.
Sep 21 05:18:24 app-server systemd[1]: Reached target Graphical Interface.
Sep 21 05:18:24 app-server systemd[1]: Starting Execute cloud user/final scripts                                                                                        ...
Sep 21 05:18:24 app-server systemd[1]: Starting Update UTMP about System Runleve                                                                                        l Changes...
Sep 21 05:18:24 app-server systemd[1]: systemd-update-utmp-runlevel.service: Suc                                                                                        ceeded.
Sep 21 05:18:24 app-server systemd[1]: Finished Update UTMP about System Runleve                                                                                        l Changes.
Sep 21 05:18:27 app-server cloud-init[1797]: Cloud-init v. 20.4.1-0ubuntu1~20.04                                                                                        .1 running 'modules:final' at Tue, 21 Sep 2021 05:18:27 +0000. Up 72.05 seconds.
Sep 21 05:18:27 app-server cloud-init[1797]: Cloud-init v. 20.4.1-0ubuntu1~20.04                                                                                        .1 finished at Tue, 21 Sep 2021 05:18:27 +0000. Datasource DataSourceNone.  Up 7                                                                                        2.67 seconds
Sep 21 05:18:27 app-server cloud-init[1797]: 2021-09-21 05:18:27,965 - cc_final_                                                                                        message.py[WARNING]: Used fallback datasource
Sep 21 05:18:28 app-server systemd-timesyncd[551]: Initial synchronization to ti                                                                                        me server 91.189.89.198:123 (ntp.ubuntu.com).
Sep 21 05:18:28 app-server systemd[1]: Finished Execute cloud user/final scripts                                                                                        .
Sep 21 05:18:28 app-server systemd[1]: Reached target Cloud-init target.
Sep 21 05:18:28 app-server systemd[1]: Startup finished in 16.077s (kernel) + 56                                                                                        .999s (userspace) = 1min 13.077s.
Sep 21 05:22:56 app-server systemd-networkd[610]: enp0s8: DHCP: No gateway recei                                                                                        ved from DHCP server.
Sep 21 05:24:48 app-server systemd[1]: Starting Daily apt upgrade and clean acti                                                                                        vities...
Sep 21 05:25:57 app-server dbus-daemon[629]: [system] Activating via systemd: se                                                                                        rvice name='org.freedesktop.PackageKit' unit='packagekit.service' requested by '                                                                                        :1.14' (uid=0 pid=1933 comm="/usr/bin/gdbus call --system --dest org.freedeskto"                                                                                         label="unconfined")
Sep 21 05:25:57 app-server systemd[1]: Starting PackageKit Daemon...
Sep 21 05:25:57 app-server PackageKit: daemon start
Sep 21 05:25:58 app-server dbus-daemon[629]: [system] Successfully activated ser                                                                                        vice 'org.freedesktop.PackageKit'
Sep 21 05:25:58 app-server systemd[1]: Started PackageKit Daemon.
Sep 21 05:27:55 app-server systemd-networkd[610]: enp0s8: DHCP: No gateway recei                                                                                        ved from DHCP server.
Sep 21 05:32:15 app-server systemd[1]: Starting Cleanup of Temporary Directories                                                                                        ...
Sep 21 05:32:16 app-server systemd[1]: systemd-tmpfiles-clean.service: Succeeded                                                                                        .
Sep 21 05:32:16 app-server systemd[1]: Finished Cleanup of Temporary Directories                                                                                        .
Sep 21 05:32:55 app-server systemd-networkd[610]: enp0s8: DHCP: No gateway recei                                                                                        ved from DHCP server.
Sep 21 05:34:01 app-server systemd[1]: Reloading.
Sep 21 05:34:08 app-server systemd[1]: Stopping LSB: automatic crash report gene                                                                                        ration...
Sep 21 05:34:09 app-server apport[4551]:  * Stopping automatic crash report gene                                                                                        ration: apport
Sep 21 05:34:09 app-server apport[4551]:    ...done.
Sep 21 05:34:09 app-server systemd[1]: apport.service: Succeeded.
Sep 21 05:34:09 app-server systemd[1]: Stopped LSB: automatic crash report gener                                                                                        ation.
Sep 21 05:34:12 app-server systemd[1]: Reloading.
Sep 21 05:34:23 app-server systemd[1]: Reloading.
Sep 21 05:34:26 app-server systemd[1]: Condition check resulted in Process error                                                                                         reports when automatic reporting is enabled (file watch) being skipped.
Sep 21 05:34:26 app-server systemd[1]: Condition check resulted in Unix socket f                                                                                        or apport crash forwarding being skipped.
Sep 21 05:34:26 app-server systemd[1]: Reloading.
Sep 21 05:34:29 app-server systemd[1]: Reloading.
Sep 21 05:34:33 app-server systemd[1]: Starting LSB: automatic crash report gene                                                                                        ration...
Sep 21 05:34:34 app-server apport[4780]:  * Starting automatic crash report gene                                                                                        ration: apport
Sep 21 05:34:34 app-server apport[4780]:    ...done.
Sep 21 05:34:34 app-server systemd[1]: Started LSB: automatic crash report gener                                                                                        ation.
Sep 21 05:34:40 app-server systemd[1]: Reloading.
Sep 21 05:37:52 app-server systemd[1]: apt-daily-upgrade.service: Succeeded.
Sep 21 05:37:52 app-server systemd[1]: Finished Daily apt upgrade and clean acti                                                                                        vities.
Sep 21 05:37:55 app-server systemd-networkd[610]: enp0s8: DHCP: No gateway recei                                                                                        ved from DHCP server.
Sep 21 05:39:48 app-server systemd[1]: Starting Refresh fwupd metadata and updat                                                                                        e motd...
Sep 21 05:39:48 app-server dbus-daemon[629]: [system] Activating via systemd: se                                                                                        rvice name='org.freedesktop.fwupd' unit='fwupd.service' requested by ':1.48' (ui                                                                                        d=62803 pid=5758 comm="/usr/bin/fwupdmgr refresh --no-metadata-check " label="un                                                                                        confined")
Sep 21 05:39:48 app-server systemd[1]: Starting Firmware update daemon...
Sep 21 05:39:49 app-server dbus-daemon[629]: [system] Activating via systemd: se                                                                                        rvice name='org.freedesktop.UPower' unit='upower.service' requested by ':1.49' (                                                                                        uid=0 pid=5771 comm="/usr/libexec/fwupd/fwupd " label="unconfined")
Sep 21 05:39:49 app-server systemd[1]: Starting Daemon for power management...
Sep 21 05:39:50 app-server dbus-daemon[629]: [system] Successfully activated ser                                                                                        vice 'org.freedesktop.UPower'
Sep 21 05:39:50 app-server systemd[1]: Started Daemon for power management.
Sep 21 05:39:51 app-server dbus-daemon[629]: [system] Successfully activated ser                                                                                        vice 'org.freedesktop.fwupd'
Sep 21 05:39:51 app-server systemd[1]: Started Firmware update daemon.
Sep 21 05:39:51 app-server fwupdmgr[5758]: Fetching metadata https://cdn.fwupd.o                                                                                        rg/downloads/firmware.xml.gz
Sep 21 05:39:51 app-server fwupdmgr[5758]: Fetching signature https://cdn.fwupd.                                                                                        org/downloads/firmware.xml.gz.asc
Sep 21 05:39:54 app-server fwupdmgr[5758]: Successfully downloaded new metadata:                                                                                         0 local devices supported
Sep 21 05:39:54 app-server systemd[1]: fwupd-refresh.service: Succeeded.
Sep 21 05:39:54 app-server systemd[1]: Finished Refresh fwupd metadata and updat                                                                                        e motd.
Sep 21 05:42:54 app-server PackageKit: daemon quit
Sep 21 05:42:54 app-server systemd[1]: packagekit.service: Succeeded.
Sep 21 05:42:55 app-server systemd-networkd[610]: enp0s8: DHCP: No gateway recei                                                                                        ved from DHCP server.
Sep 21 06:02:56 app-server systemd-networkd[610]: message repeated 4 times: [ en                                                                                        p0s8: DHCP: No gateway received from DHCP server.]
Sep 21 06:07:56 app-server systemd-networkd[610]: enp0s8: DHCP: No gateway recei                                                                                        ved from DHCP server.
Sep 21 06:12:56 app-server systemd-networkd[610]: enp0s8: DHCP: No gateway recei                                                                                        ved from DHCP server.
Sep 21 06:17:01 app-server CRON[5902]: (root) CMD (   cd / && run-parts --report                                                                                         /etc/cron.hourly)
Sep 21 06:17:55 app-server systemd-networkd[610]: enp0s8: DHCP: No gateway recei                                                                                        ved from DHCP server.
Sep 21 06:19:48 app-server systemd[1]: Starting Daily apt upgrade and clean acti                                                                                        vities...
Sep 21 06:19:49 app-server systemd[1]: apt-daily-upgrade.service: Succeeded.
Sep 21 06:19:49 app-server systemd[1]: Finished Daily apt upgrade and clean acti                                                                                        vities.
Sep 21 06:22:55 app-server systemd-networkd[610]: enp0s8: DHCP: No gateway recei                                                                                        ved from DHCP server.
Sep 21 06:25:01 app-server CRON[5983]: (root) CMD (test -x /usr/sbin/anacron ||                                                                                         ( cd / && run-parts --report /etc/cron.daily ))
Sep 21 08:20:17 app-server systemd[1]: Started Session 5 of user suvam.
Sep 21 08:20:53 app-server suvam: test logging case
Sep 21 08:21:10 app-server suvam: test logging case
Sep 21 08:21:18 app-server suvam: test logging case 2
Sep 21 08:21:45 app-server systemd-networkd[610]: enp0s8: DHCP: No gateway recei                                                                                        ved from DHCP server.
root@app-server:/var/log# ls
alternatives.log       dist-upgrade  kern.log       syslog.1
alternatives.log.1     dmesg         kern.log.1     syslog.2.gz
apt                    dmesg.0       kern.log.2.gz  syslog.3.gz
auth.log               dmesg.1.gz    kern.log.3.gz  syslog.4.gz
auth.log.1             dmesg.2.gz    landscape      syslog.5.gz
auth.log.2.gz          dmesg.3.gz    lastlog        syslog.6.gz
auth.log.3.gz          dmesg.4.gz    mail.log       syslog.7.gz
bootstrap.log          dpkg.log      mail.log.1     ubuntu-advantage.log
btmp                   dpkg.log.1    mail.log.2.gz  unattended-upgrades
btmp.1                 faillog       nginx          wtmp
cloud-init.log         installer     private
cloud-init-output.log  journal       syslog
root@app-server:/var/log# cat nginx
cat: nginx: Is a directory
root@app-server:/var/log# cd nginx
root@app-server:/var/log/nginx# ls
access.log    access.log.2.gz  error.log.1
access.log.1  error.log        error.log.2.gz
root@app-server:/var/log/nginx# cat error.log
root@app-server:/var/log/nginx#
root@app-server:/var/log/nginx# access.log.1
access.log.1: command not found
root@app-server:/var/log/nginx# cat access.log.1
192.168.56.1 - - [16/Sep/2021:08:17:10 +0000] "GET / HTTP/1.1" 200 3678 "-" "Moz                                                                                        illa/5.0 (Windows NT 10.0; Win64; x64) AppleWebKit/537.36 (KHTML, like Gecko) Ch                                                                                        rome/93.0.4577.63 Safari/537.36"
192.168.56.1 - - [16/Sep/2021:08:17:11 +0000] "GET /static/admin/css/fonts.css H                                                                                        TTP/1.1" 404 197 "http://192.168.56.101/" "Mozilla/5.0 (Windows NT 10.0; Win64;                                                                                         x64) AppleWebKit/537.36 (KHTML, like Gecko) Chrome/93.0.4577.63 Safari/537.36"
root@app-server:/var/log/nginx# 192.168.56.1 ^C
root@app-server:/var/log/nginx# cat access.log.1
192.168.56.1 - - [16/Sep/2021:08:17:10 +0000] "GET / HTTP/1.1" 200 3678 "-" "Mozilla/5.0 (Win                                                                           dows NT 10.0; Win64; x64) AppleWebKit/537.36 (KHTML, like Gecko) Chrome/93.0.4577.63 Safari/5                                                                           37.36"
192.168.56.1 - - [16/Sep/2021:08:17:11 +0000] "GET /static/admin/css/fonts.css HTTP/1.1" 404                                                                            197 "http://192.168.56.101/" "Mozilla/5.0 (Windows NT 10.0; Win64; x64) AppleWebKit/537.36 (K                                                                           HTML, like Gecko) Chrome/93.0.4577.63 Safari/537.36"
root@app-server:/var/log/nginx# cat access.log.1
192.168.56.1 - - [16/Sep/2021:08:17:10 +0000] "GET / HTTP/1.1" 200 3678 "-" "Mozilla/5.0 (Win                                                                           dows NT 10.0; Win64; x64) AppleWebKit/537.36 (KHTML, like Gecko) Chrome/93.0.4577.63 Safari/5                                                                           37.36"
192.168.56.1 - - [16/Sep/2021:08:17:11 +0000] "GET /static/admin/css/fonts.css HTTP/1.1" 404                                                                            197 "http://192.168.56.101/" "Mozilla/5.0 (Windows NT 10.0; Win64; x64) AppleWebKit/537.36 (K                                                                           HTML, like Gecko) Chrome/93.0.4577.63 Safari/537.36"
root@app-server:/var/log/nginx# ls
access.log  access.log.1  access.log.2.gz  error.log  error.log.1  error.log.2.gz
root@app-server:/var/log/nginx# cat error.log
2021/09/21 08:35:11 [error] 736#736: *1 open() "/home/suvam/mysite/static/admin/css/fonts.css                                                                           " failed (2: No such file or directory), client: 192.168.56.1, server: 192.168.56.101, reques                                                                           t: "GET /static/admin/css/fonts.css HTTP/1.1", host: "192.168.56.101", referrer: "http://192.                                                                           168.56.101/"
root@app-server:/var/log/nginx# cat error.log.1
2021/09/16 08:17:11 [error] 715#715: *1 open() "/home/suvam/mysite/static/admin/css/fonts.css                                                                           " failed (2: No such file or directory), client: 192.168.56.1, server: 192.168.56.101, reques                                                                           t: "GET /static/admin/css/fonts.css HTTP/1.1", host: "192.168.56.101", referrer: "http://192.                                                                           168.56.101/"
root@app-server:/var/log/nginx# cat error.log.1.gz
cat: error.log.1.gz: No such file or directory
root@app-server:/var/log/nginx# cat error.log.2.gz
{P8a▒▒Ao▒0▒▒~▒
              ^t1▒"Th▒▒l▒eo˲ ▒▒▒▒J▒_▒▒
▒D3<▒@/▒▒|i▒p#'D▒BG▒<3!▒x▒▒▒▒۴▒1▒+▒▒P▒
                                      ▒䲊
T▒d▒▒T▒()▒▒R▒▒▒J▒▒΂4▒▒,▒▒Kᑃ\▒▒:\@▒
                                  +.V▒!▒󜕊]▒▒ ▒▒▒▒G▒}ɤ▒n▒▒M▒@~x▒L▒▒▒5▒▒oި▒e▒K▒'▒▒X▒R
                                                                                  ▒P▒
                                                                                     ▒▒▒}▒68▒                                                                           )▒▒▒ip▒▒▒       ;▒▒▒i▒▒▒▒S▒O}▒zd▒DB▒ӗ6r▒▒O#?<▒hI▒!▒wm▒▒▒7▒ޖ▒C▒|▒▒▒kw▒▒Q▒*▒M#ѡ▒▒,.r▒
r▒▒C▒]▒▒▒k▒
           ^ʼ▒r'q▒ǟ▒▒▒.▒u▒▒k▒▒H(Ʀ▒▒▒▒▒66Ť▒▒▒▒▒Ҙb▒▒▒b▒8a▒^root@app-server:/var/log/nginx# ls
access.log  access.log.1  access.log.2.gz  error.log  error.log.1  error.log.2.gz
root@app-server:/var/log/nginx# cat access.log.1
192.168.56.1 - - [16/Sep/2021:08:17:10 +0000] "GET / HTTP/1.1" 200 3678 "-" "Mozilla/5.0 (Win                                                                           dows NT 10.0; Win64; x64) AppleWebKit/537.36 (KHTML, like Gecko) Chrome/93.0.4577.63 Safari/5                                                                           37.36"
192.168.56.1 - - [16/Sep/2021:08:17:11 +0000] "GET /static/admin/css/fonts.css HTTP/1.1" 404                                                                            197 "http://192.168.56.101/" "Mozilla/5.0 (Windows NT 10.0; Win64; x64) AppleWebKit/537.36 (K                                                                           HTML, like Gecko) Chrome/93.0.4577.63 Safari/537.36"
root@app-server:/var/log/nginx# cat access.log.1
192.168.56.1 - - [16/Sep/2021:08:17:10 +0000] "GET / HTTP/1.1" 200 3678 "-" "Mozilla/5.0 (Windows NT 10.0; Win64; x64) AppleWebKit/537.36 (KHTML, like Gecko) Chrome/93.0.4577.63 Safari/537.36"
192.168.56.1 - - [16/Sep/2021:08:17:11 +0000] "GET /static/admin/css/fonts.css HTTP/1.1" 404 197 "http://192.168.56.101/" "Mozilla/5.0 (Windows NT 10.0; Win64; x64) AppleWebKit/537.36 (KHTML, like Gecko) Chrome/93.0.4577.63 Safari/537.36"
root@app-server:/var/log/nginx# help
GNU bash, version 5.0.17(1)-release (x86_64-pc-linux-gnu)
These shell commands are defined internally.  Type `help' to see this list.
Type `help name' to find out more about the function `name'.
Use `info bash' to find out more about the shell in general.
Use `man -k' or `info' to find out more about commands not in this list.

A star (*) next to a name means that the command is disabled.

 job_spec [&]                                  history [-c] [-d offset] [n] or history -a>
 (( expression ))                              if COMMANDS; then COMMANDS; [ elif COMMAND>
 . filename [arguments]                        jobs [-lnprs] [jobspec ...] or jobs -x com>
 :                                             kill [-s sigspec | -n signum | -sigspec] p>
 [ arg... ]                                    let arg [arg ...]
 [[ expression ]]                              local [option] name[=value] ...
 alias [-p] [name[=value] ... ]                logout [n]
 bg [job_spec ...]                             mapfile [-d delim] [-n count] [-O origin] >
 bind [-lpsvPSVX] [-m keymap] [-f filename] >  popd [-n] [+N | -N]
 break [n]                                     printf [-v var] format [arguments]
 builtin [shell-builtin [arg ...]]             pushd [-n] [+N | -N | dir]
 caller [expr]                                 pwd [-LP]
 case WORD in [PATTERN [| PATTERN]...) COMMA>  read [-ers] [-a array] [-d delim] [-i text>
 cd [-L|[-P [-e]] [-@]] [dir]                  readarray [-d delim] [-n count] [-O origin>
 command [-pVv] command [arg ...]              readonly [-aAf] [name[=value] ...] or read>
 compgen [-abcdefgjksuv] [-o option] [-A act>  return [n]
 complete [-abcdefgjksuv] [-pr] [-DEI] [-o o>  select NAME [in WORDS ... ;] do COMMANDS; >
 compopt [-o|+o option] [-DEI] [name ...]      set [-abefhkmnptuvxBCHP] [-o option-name] >
 continue [n]                                  shift [n]
 coproc [NAME] command [redirections]          shopt [-pqsu] [-o] [optname ...]
 declare [-aAfFgilnrtux] [-p] [name[=value] >  source filename [arguments]
 dirs [-clpv] [+N] [-N]                        suspend [-f]
 disown [-h] [-ar] [jobspec ... | pid ...]     test [expr]
 echo [-neE] [arg ...]                         time [-p] pipeline
 enable [-a] [-dnps] [-f filename] [name ...>  times
 eval [arg ...]                                trap [-lp] [[arg] signal_spec ...]
 exec [-cl] [-a name] [command [arguments ..>  true
 exit [n]                                      type [-afptP] name [name ...]
 export [-fn] [name[=value] ...] or export ->  typeset [-aAfFgilnrtux] [-p] name[=value] >
 false                                         ulimit [-SHabcdefiklmnpqrstuvxPT] [limit]
 fc [-e ename] [-lnr] [first] [last] or fc ->  umask [-p] [-S] [mode]
 fg [job_spec]                                 unalias [-a] name [name ...]
 for NAME [in WORDS ... ] ; do COMMANDS; don>  unset [-f] [-v] [-n] [name ...]
 for (( exp1; exp2; exp3 )); do COMMANDS; do>  until COMMANDS; do COMMANDS; done
 function name { COMMANDS ; } or name () { C>  variables - Names and meanings of some she>
 getopts optstring name [arg]                  wait [-fn] [id ...]
 hash [-lr] [-p pathname] [-dt] [name ...]     while COMMANDS; do COMMANDS; done
 help [-dms] [pattern ...]                     { COMMANDS ; }
root@app-server:/var/log/nginx# date
Tue 21 Sep 2021 08:44:21 AM UTC
root@app-server:/var/log/nginx# time

real    0m0.000s
user    0m0.000s
sys     0m0.000s
root@app-server:/var/log/nginx# ls help
ls: cannot access 'help': No such file or directory
root@app-server:/var/log/nginx# ls --help
Usage: ls [OPTION]... [FILE]...
List information about the FILEs (the current directory by default).
Sort entries alphabetically if none of -cftuvSUX nor --sort is specified.

Mandatory arguments to long options are mandatory for short options too.
  -a, --all                  do not ignore entries starting with .
  -A, --almost-all           do not list implied . and ..
      --author               with -l, print the author of each file
  -b, --escape               print C-style escapes for nongraphic characters
      --block-size=SIZE      with -l, scale sizes by SIZE when printing them;
                               e.g., '--block-size=M'; see SIZE format below
  -B, --ignore-backups       do not list implied entries ending with ~
  -c                         with -lt: sort by, and show, ctime (time of last
                               modification of file status information);
                               with -l: show ctime and sort by name;
                               otherwise: sort by ctime, newest first
  -C                         list entries by columns
      --color[=WHEN]         colorize the output; WHEN can be 'always' (default
                               if omitted), 'auto', or 'never'; more info below
  -d, --directory            list directories themselves, not their contents
  -D, --dired                generate output designed for Emacs' dired mode
  -f                         do not sort, enable -aU, disable -ls --color
  -F, --classify             append indicator (one of */=>@|) to entries
      --file-type            likewise, except do not append '*'
      --format=WORD          across -x, commas -m, horizontal -x, long -l,
                               single-column -1, verbose -l, vertical -C
      --full-time            like -l --time-style=full-iso
  -g                         like -l, but do not list owner
      --group-directories-first
                             group directories before files;
                               can be augmented with a --sort option, but any
                               use of --sort=none (-U) disables grouping
  -G, --no-group             in a long listing, don't print group names
  -h, --human-readable       with -l and -s, print sizes like 1K 234M 2G etc.
      --si                   likewise, but use powers of 1000 not 1024
  -H, --dereference-command-line
                             follow symbolic links listed on the command line
      --dereference-command-line-symlink-to-dir
                             follow each command line symbolic link
                               that points to a directory
      --hide=PATTERN         do not list implied entries matching shell PATTERN
                               (overridden by -a or -A)
      --hyperlink[=WHEN]     hyperlink file names; WHEN can be 'always'
                               (default if omitted), 'auto', or 'never'
      --indicator-style=WORD  append indicator with style WORD to entry names:
                               none (default), slash (-p),
                               file-type (--file-type), classify (-F)
  -i, --inode                print the index number of each file
  -I, --ignore=PATTERN       do not list implied entries matching shell PATTERN
  -k, --kibibytes            default to 1024-byte blocks for disk usage;
                               used only with -s and per directory totals
  -l                         use a long listing format
  -L, --dereference          when showing file information for a symbolic
                               link, show information for the file the link
                               references rather than for the link itself
  -m                         fill width with a comma separated list of entries
  -n, --numeric-uid-gid      like -l, but list numeric user and group IDs
  -N, --literal              print entry names without quoting
  -o                         like -l, but do not list group information
  -p, --indicator-style=slash
                             append / indicator to directories
  -q, --hide-control-chars   print ? instead of nongraphic characters
      --show-control-chars   show nongraphic characters as-is (the default,
                               unless program is 'ls' and output is a terminal)
  -Q, --quote-name           enclose entry names in double quotes
      --quoting-style=WORD   use quoting style WORD for entry names:
                               literal, locale, shell, shell-always,
                               shell-escape, shell-escape-always, c, escape
                               (overrides QUOTING_STYLE environment variable)
  -r, --reverse              reverse order while sorting
  -R, --recursive            list subdirectories recursively
  -s, --size                 print the allocated size of each file, in blocks
  -S                         sort by file size, largest first
      --sort=WORD            sort by WORD instead of name: none (-U), size (-S),
                               time (-t), version (-v), extension (-X)
      --time=WORD            with -l, show time as WORD instead of default
                               modification time: atime or access or use (-u);
                               ctime or status (-c); also use specified time
                               as sort key if --sort=time (newest first)
      --time-style=TIME_STYLE  time/date format with -l; see TIME_STYLE below
  -t                         sort by modification time, newest first
  -T, --tabsize=COLS         assume tab stops at each COLS instead of 8
  -u                         with -lt: sort by, and show, access time;
                               with -l: show access time and sort by name;
                               otherwise: sort by access time, newest first
  -U                         do not sort; list entries in directory order
  -v                         natural sort of (version) numbers within text
  -w, --width=COLS           set output width to COLS.  0 means no limit
  -x                         list entries by lines instead of by columns
  -X                         sort alphabetically by entry extension
  -Z, --context              print any security context of each file
  -1                         list one file per line.  Avoid '\n' with -q or -b
      --help     display this help and exit
      --version  output version information and exit

The SIZE argument is an integer and optional unit (example: 10K is 10*1024).
Units are K,M,G,T,P,E,Z,Y (powers of 1024) or KB,MB,... (powers of 1000).

The TIME_STYLE argument can be full-iso, long-iso, iso, locale, or +FORMAT.
FORMAT is interpreted like in date(1).  If FORMAT is FORMAT1<newline>FORMAT2,
then FORMAT1 applies to non-recent files and FORMAT2 to recent files.
TIME_STYLE prefixed with 'posix-' takes effect only outside the POSIX locale.
Also the TIME_STYLE environment variable sets the default style to use.

Using color to distinguish file types is disabled both by default and
with --color=never.  With --color=auto, ls emits color codes only when
standard output is connected to a terminal.  The LS_COLORS environment
variable can change the settings.  Use the dircolors command to set it.

Exit status:
 0  if OK,
 1  if minor problems (e.g., cannot access subdirectory),
 2  if serious trouble (e.g., cannot access command-line argument).

GNU coreutils online help: <https://www.gnu.org/software/coreutils/>
Full documentation at: <https://www.gnu.org/software/coreutils/ls>
or available locally via: info '(coreutils) ls invocation'
root@app-server:/var/log/nginx# ls --help
Usage: ls [OPTION]... [FILE]...
List information about the FILEs (the current directory by default).
Sort entries alphabetically if none of -cftuvSUX nor --sort is specified.

Mandatory arguments to long options are mandatory for short options too.
  -a, --all                  do not ignore entries starting with .
  -A, --almost-all           do not list implied . and ..
      --author               with -l, print the author of each file
  -b, --escape               print C-style escapes for nongraphic characters
      --block-size=SIZE      with -l, scale sizes by SIZE when printing them;
                               e.g., '--block-size=M'; see SIZE format below
  -B, --ignore-backups       do not list implied entries ending with ~
  -c                         with -lt: sort by, and show, ctime (time of last
                               modification of file status information);
                               with -l: show ctime and sort by name;
                               otherwise: sort by ctime, newest first
  -C                         list entries by columns
      --color[=WHEN]         colorize the output; WHEN can be 'always' (default
                               if omitted), 'auto', or 'never'; more info below
  -d, --directory            list directories themselves, not their contents
  -D, --dired                generate output designed for Emacs' dired mode
  -f                         do not sort, enable -aU, disable -ls --color
  -F, --classify             append indicator (one of */=>@|) to entries
      --file-type            likewise, except do not append '*'
      --format=WORD          across -x, commas -m, horizontal -x, long -l,
                               single-column -1, verbose -l, vertical -C
      --full-time            like -l --time-style=full-iso
  -g                         like -l, but do not list owner
      --group-directories-first
                             group directories before files;
                               can be augmented with a --sort option, but any
                               use of --sort=none (-U) disables grouping
  -G, --no-group             in a long listing, don't print group names
  -h, --human-readable       with -l and -s, print sizes like 1K 234M 2G etc.
      --si                   likewise, but use powers of 1000 not 1024
  -H, --dereference-command-line
                             follow symbolic links listed on the command line
      --dereference-command-line-symlink-to-dir
                             follow each command line symbolic link
                               that points to a directory
      --hide=PATTERN         do not list implied entries matching shell PATTERN
                               (overridden by -a or -A)
      --hyperlink[=WHEN]     hyperlink file names; WHEN can be 'always'
                               (default if omitted), 'auto', or 'never'
      --indicator-style=WORD  append indicator with style WORD to entry names:
                               none (default), slash (-p),
                               file-type (--file-type), classify (-F)
  -i, --inode                print the index number of each file
  -I, --ignore=PATTERN       do not list implied entries matching shell PATTERN
  -k, --kibibytes            default to 1024-byte blocks for disk usage;
                               used only with -s and per directory totals
  -l                         use a long listing format
  -L, --dereference          when showing file information for a symbolic
                               link, show information for the file the link
                               references rather than for the link itself
  -m                         fill width with a comma separated list of entries
  -n, --numeric-uid-gid      like -l, but list numeric user and group IDs
  -N, --literal              print entry names without quoting
  -o                         like -l, but do not list group information
  -p, --indicator-style=slash
                             append / indicator to directories
  -q, --hide-control-chars   print ? instead of nongraphic characters
      --show-control-chars   show nongraphic characters as-is (the default,
                               unless program is 'ls' and output is a terminal)
  -Q, --quote-name           enclose entry names in double quotes
      --quoting-style=WORD   use quoting style WORD for entry names:
                               literal, locale, shell, shell-always,
                               shell-escape, shell-escape-always, c, escape
                               (overrides QUOTING_STYLE environment variable)
  -r, --reverse              reverse order while sorting
  -R, --recursive            list subdirectories recursively
  -s, --size                 print the allocated size of each file, in blocks
  -S                         sort by file size, largest first
      --sort=WORD            sort by WORD instead of name: none (-U), size (-S),
                               time (-t), version (-v), extension (-X)
      --time=WORD            with -l, show time as WORD instead of default
                               modification time: atime or access or use (-u);
                               ctime or status (-c); also use specified time
                               as sort key if --sort=time (newest first)
      --time-style=TIME_STYLE  time/date format with -l; see TIME_STYLE below
  -t                         sort by modification time, newest first
  -T, --tabsize=COLS         assume tab stops at each COLS instead of 8
  -u                         with -lt: sort by, and show, access time;
                               with -l: show access time and sort by name;
                               otherwise: sort by access time, newest first
  -U                         do not sort; list entries in directory order
  -v                         natural sort of (version) numbers within text
  -w, --width=COLS           set output width to COLS.  0 means no limit
  -x                         list entries by lines instead of by columns
  -X                         sort alphabetically by entry extension
  -Z, --context              print any security context of each file
  -1                         list one file per line.  Avoid '\n' with -q or -b
      --help     display this help and exit
      --version  output version information and exit

The SIZE argument is an integer and optional unit (example: 10K is 10*1024).
Units are K,M,G,T,P,E,Z,Y (powers of 1024) or KB,MB,... (powers of 1000).

The TIME_STYLE argument can be full-iso, long-iso, iso, locale, or +FORMAT.
FORMAT is interpreted like in date(1).  If FORMAT is FORMAT1<newline>FORMAT2,
then FORMAT1 applies to non-recent files and FORMAT2 to recent files.
TIME_STYLE prefixed with 'posix-' takes effect only outside the POSIX locale.
Also the TIME_STYLE environment variable sets the default style to use.

Using color to distinguish file types is disabled both by default and
with --color=never.  With --color=auto, ls emits color codes only when
standard output is connected to a terminal.  The LS_COLORS environment
variable can change the settings.  Use the dircolors command to set it.

Exit status:
 0  if OK,
 1  if minor problems (e.g., cannot access subdirectory),
 2  if serious trouble (e.g., cannot access command-line argument).

GNU coreutils online help: <https://www.gnu.org/software/coreutils/>
Full documentation at: <https://www.gnu.org/software/coreutils/ls>
or available locally via: info '(coreutils) ls invocation'
root@app-server:/var/log/nginx# ls -l
total 24
-rw-r----- 1 www-data adm 671 Sep 21 08:38 access.log
-rw-r----- 1 www-data adm 432 Sep 16 08:17 access.log.1
-rw-r----- 1 www-data adm 422 Sep  8 05:56 access.log.2.gz
-rw-r----- 1 www-data adm 584 Sep 21 08:38 error.log
-rw-r----- 1 www-data adm 292 Sep 16 08:17 error.log.1
-rw-r----- 1 www-data adm 409 Sep  8 05:56 error.log.2.gz
root@app-server:/var/log/nginx# ls -l -s
total 24
4 -rw-r----- 1 www-data adm 671 Sep 21 08:38 access.log
4 -rw-r----- 1 www-data adm 432 Sep 16 08:17 access.log.1
4 -rw-r----- 1 www-data adm 422 Sep  8 05:56 access.log.2.gz
4 -rw-r----- 1 www-data adm 584 Sep 21 08:38 error.log
4 -rw-r----- 1 www-data adm 292 Sep 16 08:17 error.log.1
4 -rw-r----- 1 www-data adm 409 Sep  8 05:56 error.log.2.gz
root@app-server:/var/log/nginx# ls -lh
total 24K
-rw-r----- 1 www-data adm 671 Sep 21 08:38 access.log
-rw-r----- 1 www-data adm 432 Sep 16 08:17 access.log.1
-rw-r----- 1 www-data adm 422 Sep  8 05:56 access.log.2.gz
-rw-r----- 1 www-data adm 584 Sep 21 08:38 error.log
-rw-r----- 1 www-data adm 292 Sep 16 08:17 error.log.1
-rw-r----- 1 www-data adm 409 Sep  8 05:56 error.log.2.gz
root@app-server:/var/log/nginx# ls -l -h
total 24K
-rw-r----- 1 www-data adm 671 Sep 21 08:38 access.log
-rw-r----- 1 www-data adm 432 Sep 16 08:17 access.log.1
-rw-r----- 1 www-data adm 422 Sep  8 05:56 access.log.2.gz
-rw-r----- 1 www-data adm 584 Sep 21 08:38 error.log
-rw-r----- 1 www-data adm 292 Sep 16 08:17 error.log.1
-rw-r----- 1 www-data adm 409 Sep  8 05:56 error.log.2.gz
root@app-server:/var/log/nginx# ls -l --help
Usage: ls [OPTION]... [FILE]...
List information about the FILEs (the current directory by default).
Sort entries alphabetically if none of -cftuvSUX nor --sort is specified.

Mandatory arguments to long options are mandatory for short options too.
  -a, --all                  do not ignore entries starting with .
  -A, --almost-all           do not list implied . and ..
      --author               with -l, print the author of each file
  -b, --escape               print C-style escapes for nongraphic characters
      --block-size=SIZE      with -l, scale sizes by SIZE when printing them;
                               e.g., '--block-size=M'; see SIZE format below
  -B, --ignore-backups       do not list implied entries ending with ~
  -c                         with -lt: sort by, and show, ctime (time of last
                               modification of file status information);
                               with -l: show ctime and sort by name;
                               otherwise: sort by ctime, newest first
  -C                         list entries by columns
      --color[=WHEN]         colorize the output; WHEN can be 'always' (default
                               if omitted), 'auto', or 'never'; more info below
  -d, --directory            list directories themselves, not their contents
  -D, --dired                generate output designed for Emacs' dired mode
  -f                         do not sort, enable -aU, disable -ls --color
  -F, --classify             append indicator (one of */=>@|) to entries
      --file-type            likewise, except do not append '*'
      --format=WORD          across -x, commas -m, horizontal -x, long -l,
                               single-column -1, verbose -l, vertical -C
      --full-time            like -l --time-style=full-iso
  -g                         like -l, but do not list owner
      --group-directories-first
                             group directories before files;
                               can be augmented with a --sort option, but any
                               use of --sort=none (-U) disables grouping
  -G, --no-group             in a long listing, don't print group names
  -h, --human-readable       with -l and -s, print sizes like 1K 234M 2G etc.
      --si                   likewise, but use powers of 1000 not 1024
  -H, --dereference-command-line
                             follow symbolic links listed on the command line
      --dereference-command-line-symlink-to-dir
                             follow each command line symbolic link
                               that points to a directory
      --hide=PATTERN         do not list implied entries matching shell PATTERN
                               (overridden by -a or -A)
      --hyperlink[=WHEN]     hyperlink file names; WHEN can be 'always'
                               (default if omitted), 'auto', or 'never'
      --indicator-style=WORD  append indicator with style WORD to entry names:
                               none (default), slash (-p),
                               file-type (--file-type), classify (-F)
  -i, --inode                print the index number of each file
  -I, --ignore=PATTERN       do not list implied entries matching shell PATTERN
  -k, --kibibytes            default to 1024-byte blocks for disk usage;
                               used only with -s and per directory totals
  -l                         use a long listing format
  -L, --dereference          when showing file information for a symbolic
                               link, show information for the file the link
                               references rather than for the link itself
  -m                         fill width with a comma separated list of entries
  -n, --numeric-uid-gid      like -l, but list numeric user and group IDs
  -N, --literal              print entry names without quoting
  -o                         like -l, but do not list group information
  -p, --indicator-style=slash
                             append / indicator to directories
  -q, --hide-control-chars   print ? instead of nongraphic characters
      --show-control-chars   show nongraphic characters as-is (the default,
                               unless program is 'ls' and output is a terminal)
  -Q, --quote-name           enclose entry names in double quotes
      --quoting-style=WORD   use quoting style WORD for entry names:
                               literal, locale, shell, shell-always,
                               shell-escape, shell-escape-always, c, escape
                               (overrides QUOTING_STYLE environment variable)
  -r, --reverse              reverse order while sorting
  -R, --recursive            list subdirectories recursively
  -s, --size                 print the allocated size of each file, in blocks
  -S                         sort by file size, largest first
      --sort=WORD            sort by WORD instead of name: none (-U), size (-S),
                               time (-t), version (-v), extension (-X)
      --time=WORD            with -l, show time as WORD instead of default
                               modification time: atime or access or use (-u);
                               ctime or status (-c); also use specified time
                               as sort key if --sort=time (newest first)
      --time-style=TIME_STYLE  time/date format with -l; see TIME_STYLE below
  -t                         sort by modification time, newest first
  -T, --tabsize=COLS         assume tab stops at each COLS instead of 8
  -u                         with -lt: sort by, and show, access time;
                               with -l: show access time and sort by name;
                               otherwise: sort by access time, newest first
  -U                         do not sort; list entries in directory order
  -v                         natural sort of (version) numbers within text
  -w, --width=COLS           set output width to COLS.  0 means no limit
  -x                         list entries by lines instead of by columns
  -X                         sort alphabetically by entry extension
  -Z, --context              print any security context of each file
  -1                         list one file per line.  Avoid '\n' with -q or -b
      --help     display this help and exit
      --version  output version information and exit

The SIZE argument is an integer and optional unit (example: 10K is 10*1024).
Units are K,M,G,T,P,E,Z,Y (powers of 1024) or KB,MB,... (powers of 1000).

The TIME_STYLE argument can be full-iso, long-iso, iso, locale, or +FORMAT.
FORMAT is interpreted like in date(1).  If FORMAT is FORMAT1<newline>FORMAT2,
then FORMAT1 applies to non-recent files and FORMAT2 to recent files.
TIME_STYLE prefixed with 'posix-' takes effect only outside the POSIX locale.
Also the TIME_STYLE environment variable sets the default style to use.

Using color to distinguish file types is disabled both by default and
with --color=never.  With --color=auto, ls emits color codes only when
standard output is connected to a terminal.  The LS_COLORS environment
variable can change the settings.  Use the dircolors command to set it.

Exit status:
 0  if OK,
 1  if minor problems (e.g., cannot access subdirectory),
 2  if serious trouble (e.g., cannot access command-line argument).

GNU coreutils online help: <https://www.gnu.org/software/coreutils/>
Full documentation at: <https://www.gnu.org/software/coreutils/ls>
or available locally via: info '(coreutils) ls invocation'
root@app-server:/var/log/nginx# ls -l -a
total 32
drwxr-xr-x  2 root     adm    4096 Sep 21 05:18 .
drwxrwxr-x 10 root     syslog 4096 Sep 21 05:18 ..
-rw-r-----  1 www-data adm     671 Sep 21 08:38 access.log
-rw-r-----  1 www-data adm     432 Sep 16 08:17 access.log.1
-rw-r-----  1 www-data adm     422 Sep  8 05:56 access.log.2.gz
-rw-r-----  1 www-data adm     584 Sep 21 08:38 error.log
-rw-r-----  1 www-data adm     292 Sep 16 08:17 error.log.1
-rw-r-----  1 www-data adm     409 Sep  8 05:56 error.log.2.gz
root@app-server:/var/log/nginx# ls -l -x
access.log  access.log.1  access.log.2.gz  error.log  error.log.1  error.log.2.gz
root@app-server:/var/log/nginx# dir
access.log  access.log.1  access.log.2.gz  error.log  error.log.1  error.log.2.gz
root@app-server:/var/log/nginx# dir --help
Usage: dir [OPTION]... [FILE]...
List information about the FILEs (the current directory by default).
Sort entries alphabetically if none of -cftuvSUX nor --sort is specified.

Mandatory arguments to long options are mandatory for short options too.
  -a, --all                  do not ignore entries starting with .
  -A, --almost-all           do not list implied . and ..
      --author               with -l, print the author of each file
  -b, --escape               print C-style escapes for nongraphic characters
      --block-size=SIZE      with -l, scale sizes by SIZE when printing them;
                               e.g., '--block-size=M'; see SIZE format below
  -B, --ignore-backups       do not list implied entries ending with ~
  -c                         with -lt: sort by, and show, ctime (time of last
                               modification of file status information);
                               with -l: show ctime and sort by name;
                               otherwise: sort by ctime, newest first
  -C                         list entries by columns
      --color[=WHEN]         colorize the output; WHEN can be 'always' (default
                               if omitted), 'auto', or 'never'; more info below
  -d, --directory            list directories themselves, not their contents
  -D, --dired                generate output designed for Emacs' dired mode
  -f                         do not sort, enable -aU, disable -ls --color
  -F, --classify             append indicator (one of */=>@|) to entries
      --file-type            likewise, except do not append '*'
      --format=WORD          across -x, commas -m, horizontal -x, long -l,
                               single-column -1, verbose -l, vertical -C
      --full-time            like -l --time-style=full-iso
  -g                         like -l, but do not list owner
      --group-directories-first
                             group directories before files;
                               can be augmented with a --sort option, but any
                               use of --sort=none (-U) disables grouping
  -G, --no-group             in a long listing, don't print group names
  -h, --human-readable       with -l and -s, print sizes like 1K 234M 2G etc.
      --si                   likewise, but use powers of 1000 not 1024
  -H, --dereference-command-line
                             follow symbolic links listed on the command line
      --dereference-command-line-symlink-to-dir
                             follow each command line symbolic link
                               that points to a directory
      --hide=PATTERN         do not list implied entries matching shell PATTERN
                               (overridden by -a or -A)
      --hyperlink[=WHEN]     hyperlink file names; WHEN can be 'always'
                               (default if omitted), 'auto', or 'never'
      --indicator-style=WORD  append indicator with style WORD to entry names:
                               none (default), slash (-p),
                               file-type (--file-type), classify (-F)
  -i, --inode                print the index number of each file
  -I, --ignore=PATTERN       do not list implied entries matching shell PATTERN
  -k, --kibibytes            default to 1024-byte blocks for disk usage;
                               used only with -s and per directory totals
  -l                         use a long listing format
  -L, --dereference          when showing file information for a symbolic
                               link, show information for the file the link
                               references rather than for the link itself
  -m                         fill width with a comma separated list of entries
  -n, --numeric-uid-gid      like -l, but list numeric user and group IDs
  -N, --literal              print entry names without quoting
  -o                         like -l, but do not list group information
  -p, --indicator-style=slash
                             append / indicator to directories
  -q, --hide-control-chars   print ? instead of nongraphic characters
      --show-control-chars   show nongraphic characters as-is (the default,
                               unless program is 'ls' and output is a terminal)
  -Q, --quote-name           enclose entry names in double quotes
      --quoting-style=WORD   use quoting style WORD for entry names:
                               literal, locale, shell, shell-always,
                               shell-escape, shell-escape-always, c, escape
                               (overrides QUOTING_STYLE environment variable)
  -r, --reverse              reverse order while sorting
  -R, --recursive            list subdirectories recursively
  -s, --size                 print the allocated size of each file, in blocks
  -S                         sort by file size, largest first
      --sort=WORD            sort by WORD instead of name: none (-U), size (-S),
                               time (-t), version (-v), extension (-X)
      --time=WORD            with -l, show time as WORD instead of default
                               modification time: atime or access or use (-u);
                               ctime or status (-c); also use specified time
                               as sort key if --sort=time (newest first)
      --time-style=TIME_STYLE  time/date format with -l; see TIME_STYLE below
  -t                         sort by modification time, newest first
  -T, --tabsize=COLS         assume tab stops at each COLS instead of 8
  -u                         with -lt: sort by, and show, access time;
                               with -l: show access time and sort by name;
                               otherwise: sort by access time, newest first
  -U                         do not sort; list entries in directory order
  -v                         natural sort of (version) numbers within text
  -w, --width=COLS           set output width to COLS.  0 means no limit
  -x                         list entries by lines instead of by columns
  -X                         sort alphabetically by entry extension
  -Z, --context              print any security context of each file
  -1                         list one file per line.  Avoid '\n' with -q or -b
      --help     display this help and exit
      --version  output version information and exit

The SIZE argument is an integer and optional unit (example: 10K is 10*1024).
Units are K,M,G,T,P,E,Z,Y (powers of 1024) or KB,MB,... (powers of 1000).

The TIME_STYLE argument can be full-iso, long-iso, iso, locale, or +FORMAT.
FORMAT is interpreted like in date(1).  If FORMAT is FORMAT1<newline>FORMAT2,
then FORMAT1 applies to non-recent files and FORMAT2 to recent files.
TIME_STYLE prefixed with 'posix-' takes effect only outside the POSIX locale.
Also the TIME_STYLE environment variable sets the default style to use.

Using color to distinguish file types is disabled both by default and
with --color=never.  With --color=auto, ls emits color codes only when
standard output is connected to a terminal.  The LS_COLORS environment
variable can change the settings.  Use the dircolors command to set it.

Exit status:
 0  if OK,
 1  if minor problems (e.g., cannot access subdirectory),
 2  if serious trouble (e.g., cannot access command-line argument).

GNU coreutils online help: <https://www.gnu.org/software/coreutils/>
Full documentation at: <https://www.gnu.org/software/coreutils/dir>
or available locally via: info '(coreutils) dir invocation'
root@app-server:/var/log/nginx# dir -x
access.log  access.log.1  access.log.2.gz  error.log  error.log.1  error.log.2.gz
root@app-server:/var/log/nginx# dir -l
total 24
-rw-r----- 1 www-data adm 671 Sep 21 08:38 access.log
-rw-r----- 1 www-data adm 432 Sep 16 08:17 access.log.1
-rw-r----- 1 www-data adm 422 Sep  8 05:56 access.log.2.gz
-rw-r----- 1 www-data adm 584 Sep 21 08:38 error.log
-rw-r----- 1 www-data adm 292 Sep 16 08:17 error.log.1
-rw-r----- 1 www-data adm 409 Sep  8 05:56 error.log.2.gz
root@app-server:/var/log/nginx# dir -l -all
total 32
drwxr-xr-x  2 root     adm    4096 Sep 21 05:18 .
drwxrwxr-x 10 root     syslog 4096 Sep 21 05:18 ..
-rw-r-----  1 www-data adm     671 Sep 21 08:38 access.log
-rw-r-----  1 www-data adm     432 Sep 16 08:17 access.log.1
-rw-r-----  1 www-data adm     422 Sep  8 05:56 access.log.2.gz
-rw-r-----  1 www-data adm     584 Sep 21 08:38 error.log
-rw-r-----  1 www-data adm     292 Sep 16 08:17 error.log.1
-rw-r-----  1 www-data adm     409 Sep  8 05:56 error.log.2.gz
root@app-server:/var/log/nginx# dir -l --all
total 32
drwxr-xr-x  2 root     adm    4096 Sep 21 05:18 .
drwxrwxr-x 10 root     syslog 4096 Sep 21 05:18 ..
-rw-r-----  1 www-data adm     671 Sep 21 08:38 access.log
-rw-r-----  1 www-data adm     432 Sep 16 08:17 access.log.1
-rw-r-----  1 www-data adm     422 Sep  8 05:56 access.log.2.gz
-rw-r-----  1 www-data adm     584 Sep 21 08:38 error.log
-rw-r-----  1 www-data adm     292 Sep 16 08:17 error.log.1
-rw-r-----  1 www-data adm     409 Sep  8 05:56 error.log.2.gz
root@app-server:/var/log/nginx#  colorize the outpu
